C:/Users/Joshua/Downloads/ME433/HW-16-CurrentControl/FDCAN_Com_Polling/Src/main.c:166:10:read_servo_adc	16	static
C:/Users/Joshua/Downloads/ME433/HW-16-CurrentControl/FDCAN_Com_Polling/Src/main.c:192:6:writeINA219	32	static
C:/Users/Joshua/Downloads/ME433/HW-16-CurrentControl/FDCAN_Com_Polling/Src/main.c:217:14:readINA219	40	static
C:/Users/Joshua/Downloads/ME433/HW-16-CurrentControl/FDCAN_Com_Polling/Src/main.c:244:6:init_ina219	16	static
C:/Users/Joshua/Downloads/ME433/HW-16-CurrentControl/FDCAN_Com_Polling/Src/main.c:269:7:read_ina219	24	static
C:/Users/Joshua/Downloads/ME433/HW-16-CurrentControl/FDCAN_Com_Polling/Src/main.c:285:6:print_position_and_current	112	static
C:/Users/Joshua/Downloads/ME433/HW-16-CurrentControl/FDCAN_Com_Polling/Src/main.c:307:6:print_adc_value	80	static
C:/Users/Joshua/Downloads/ME433/HW-16-CurrentControl/FDCAN_Com_Polling/Src/main.c:316:6:check_ina219_connection	104	static
C:/Users/Joshua/Downloads/ME433/HW-16-CurrentControl/FDCAN_Com_Polling/Src/main.c:334:6:send_string	16	static
C:/Users/Joshua/Downloads/ME433/HW-16-CurrentControl/FDCAN_Com_Polling/Src/main.c:339:6:motor_off	8	static
C:/Users/Joshua/Downloads/ME433/HW-16-CurrentControl/FDCAN_Com_Polling/Src/main.c:347:6:motor_forward_50	8	static
C:/Users/Joshua/Downloads/ME433/HW-16-CurrentControl/FDCAN_Com_Polling/Src/main.c:353:6:motor_reverse_50	8	static
C:/Users/Joshua/Downloads/ME433/HW-16-CurrentControl/FDCAN_Com_Polling/Src/main.c:359:6:test_motor_pwm	8	static
C:/Users/Joshua/Downloads/ME433/HW-16-CurrentControl/FDCAN_Com_Polling/Src/main.c:379:6:set_motor_pwm	16	static
C:/Users/Joshua/Downloads/ME433/HW-16-CurrentControl/FDCAN_Com_Polling/Src/main.c:429:5:main	144	static
C:/Users/Joshua/Downloads/ME433/HW-16-CurrentControl/FDCAN_Com_Polling/Src/main.c:644:6:SystemClock_Config	64	static
C:/Users/Joshua/Downloads/ME433/HW-16-CurrentControl/FDCAN_Com_Polling/Src/main.c:683:13:MX_ADC1_Init	24	static
C:/Users/Joshua/Downloads/ME433/HW-16-CurrentControl/FDCAN_Com_Polling/Src/main.c:740:13:MX_FDCAN1_Init	8	static
C:/Users/Joshua/Downloads/ME433/HW-16-CurrentControl/FDCAN_Com_Polling/Src/main.c:783:13:MX_I2C2_Init	8	static
C:/Users/Joshua/Downloads/ME433/HW-16-CurrentControl/FDCAN_Com_Polling/Src/main.c:831:13:MX_TIM1_Init	104	static
C:/Users/Joshua/Downloads/ME433/HW-16-CurrentControl/FDCAN_Com_Polling/Src/main.c:907:13:MX_TIM2_Init	40	static
C:/Users/Joshua/Downloads/ME433/HW-16-CurrentControl/FDCAN_Com_Polling/Src/main.c:952:13:MX_GPIO_Init	16	static
C:/Users/Joshua/Downloads/ME433/HW-16-CurrentControl/FDCAN_Com_Polling/Src/main.c:972:6:BSP_PB_Callback	16	static
C:/Users/Joshua/Downloads/ME433/HW-16-CurrentControl/FDCAN_Com_Polling/Src/main.c:998:17:BufferCmp8b	24	static
C:/Users/Joshua/Downloads/ME433/HW-16-CurrentControl/FDCAN_Com_Polling/Src/main.c:1013:6:HAL_TIM_PeriodElapsedCallback	48	static
C:/Users/Joshua/Downloads/ME433/HW-16-CurrentControl/FDCAN_Com_Polling/Src/main.c:1095:6:Error_Handler	8	static
