C:/Users/Joshua/Downloads/ME433/HW-16-CurrentControl/FDCAN_Com_Polling/Src/main.c:163:10:read_servo_adc	2
C:/Users/Joshua/Downloads/ME433/HW-16-CurrentControl/FDCAN_Com_Polling/Src/main.c:189:6:writeINA219	1
C:/Users/Joshua/Downloads/ME433/HW-16-CurrentControl/FDCAN_Com_Polling/Src/main.c:214:14:readINA219	1
C:/Users/Joshua/Downloads/ME433/HW-16-CurrentControl/FDCAN_Com_Polling/Src/main.c:241:6:init_ina219	1
C:/Users/Joshua/Downloads/ME433/HW-16-CurrentControl/FDCAN_Com_Polling/Src/main.c:266:7:read_ina219	1
C:/Users/Joshua/Downloads/ME433/HW-16-CurrentControl/FDCAN_Com_Polling/Src/main.c:282:6:print_position_and_current	1
C:/Users/Joshua/Downloads/ME433/HW-16-CurrentControl/FDCAN_Com_Polling/Src/main.c:304:6:print_adc_value	1
C:/Users/Joshua/Downloads/ME433/HW-16-CurrentControl/FDCAN_Com_Polling/Src/main.c:313:6:check_ina219_connection	2
C:/Users/Joshua/Downloads/ME433/HW-16-CurrentControl/FDCAN_Com_Polling/Src/main.c:331:6:send_string	1
C:/Users/Joshua/Downloads/ME433/HW-16-CurrentControl/FDCAN_Com_Polling/Src/main.c:336:6:motor_off	1
C:/Users/Joshua/Downloads/ME433/HW-16-CurrentControl/FDCAN_Com_Polling/Src/main.c:344:6:motor_forward_50	1
C:/Users/Joshua/Downloads/ME433/HW-16-CurrentControl/FDCAN_Com_Polling/Src/main.c:350:6:motor_reverse_50	1
C:/Users/Joshua/Downloads/ME433/HW-16-CurrentControl/FDCAN_Com_Polling/Src/main.c:356:6:test_motor_pwm	1
C:/Users/Joshua/Downloads/ME433/HW-16-CurrentControl/FDCAN_Com_Polling/Src/main.c:376:6:set_motor_pwm	5
C:/Users/Joshua/Downloads/ME433/HW-16-CurrentControl/FDCAN_Com_Polling/Src/main.c:426:5:main	8
C:/Users/Joshua/Downloads/ME433/HW-16-CurrentControl/FDCAN_Com_Polling/Src/main.c:584:6:SystemClock_Config	3
C:/Users/Joshua/Downloads/ME433/HW-16-CurrentControl/FDCAN_Com_Polling/Src/main.c:623:13:MX_ADC1_Init	3
C:/Users/Joshua/Downloads/ME433/HW-16-CurrentControl/FDCAN_Com_Polling/Src/main.c:680:13:MX_FDCAN1_Init	2
C:/Users/Joshua/Downloads/ME433/HW-16-CurrentControl/FDCAN_Com_Polling/Src/main.c:718:13:MX_I2C2_Init	4
C:/Users/Joshua/Downloads/ME433/HW-16-CurrentControl/FDCAN_Com_Polling/Src/main.c:766:13:MX_TIM1_Init	6
C:/Users/Joshua/Downloads/ME433/HW-16-CurrentControl/FDCAN_Com_Polling/Src/main.c:842:13:MX_TIM2_Init	4
C:/Users/Joshua/Downloads/ME433/HW-16-CurrentControl/FDCAN_Com_Polling/Src/main.c:887:13:MX_GPIO_Init	1
C:/Users/Joshua/Downloads/ME433/HW-16-CurrentControl/FDCAN_Com_Polling/Src/main.c:907:6:BSP_PB_Callback	3
C:/Users/Joshua/Downloads/ME433/HW-16-CurrentControl/FDCAN_Com_Polling/Src/main.c:933:17:BufferCmp8b	3
C:/Users/Joshua/Downloads/ME433/HW-16-CurrentControl/FDCAN_Com_Polling/Src/main.c:948:6:HAL_TIM_PeriodElapsedCallback	5
C:/Users/Joshua/Downloads/ME433/HW-16-CurrentControl/FDCAN_Com_Polling/Src/main.c:1019:6:Error_Handler	1
