C:/Users/Joshua/Downloads/ME433/HW-16-CurrentControl/FDCAN_Com_Polling/Src/main.c:166:10:read_servo_adc	2
C:/Users/Joshua/Downloads/ME433/HW-16-CurrentControl/FDCAN_Com_Polling/Src/main.c:192:6:writeINA219	1
C:/Users/Joshua/Downloads/ME433/HW-16-CurrentControl/FDCAN_Com_Polling/Src/main.c:217:14:readINA219	1
C:/Users/Joshua/Downloads/ME433/HW-16-CurrentControl/FDCAN_Com_Polling/Src/main.c:244:6:init_ina219	1
C:/Users/Joshua/Downloads/ME433/HW-16-CurrentControl/FDCAN_Com_Polling/Src/main.c:269:7:read_ina219	1
C:/Users/Joshua/Downloads/ME433/HW-16-CurrentControl/FDCAN_Com_Polling/Src/main.c:285:6:print_position_and_current	1
C:/Users/Joshua/Downloads/ME433/HW-16-CurrentControl/FDCAN_Com_Polling/Src/main.c:307:6:print_adc_value	1
C:/Users/Joshua/Downloads/ME433/HW-16-CurrentControl/FDCAN_Com_Polling/Src/main.c:316:6:check_ina219_connection	2
C:/Users/Joshua/Downloads/ME433/HW-16-CurrentControl/FDCAN_Com_Polling/Src/main.c:334:6:send_string	1
C:/Users/Joshua/Downloads/ME433/HW-16-CurrentControl/FDCAN_Com_Polling/Src/main.c:339:6:motor_off	1
C:/Users/Joshua/Downloads/ME433/HW-16-CurrentControl/FDCAN_Com_Polling/Src/main.c:347:6:motor_forward_50	1
C:/Users/Joshua/Downloads/ME433/HW-16-CurrentControl/FDCAN_Com_Polling/Src/main.c:353:6:motor_reverse_50	1
C:/Users/Joshua/Downloads/ME433/HW-16-CurrentControl/FDCAN_Com_Polling/Src/main.c:359:6:test_motor_pwm	1
C:/Users/Joshua/Downloads/ME433/HW-16-CurrentControl/FDCAN_Com_Polling/Src/main.c:379:6:set_motor_pwm	5
C:/Users/Joshua/Downloads/ME433/HW-16-CurrentControl/FDCAN_Com_Polling/Src/main.c:429:5:main	15
C:/Users/Joshua/Downloads/ME433/HW-16-CurrentControl/FDCAN_Com_Polling/Src/main.c:644:6:SystemClock_Config	3
C:/Users/Joshua/Downloads/ME433/HW-16-CurrentControl/FDCAN_Com_Polling/Src/main.c:683:13:MX_ADC1_Init	3
C:/Users/Joshua/Downloads/ME433/HW-16-CurrentControl/FDCAN_Com_Polling/Src/main.c:740:13:MX_FDCAN1_Init	2
C:/Users/Joshua/Downloads/ME433/HW-16-CurrentControl/FDCAN_Com_Polling/Src/main.c:783:13:MX_I2C2_Init	4
C:/Users/Joshua/Downloads/ME433/HW-16-CurrentControl/FDCAN_Com_Polling/Src/main.c:831:13:MX_TIM1_Init	6
C:/Users/Joshua/Downloads/ME433/HW-16-CurrentControl/FDCAN_Com_Polling/Src/main.c:907:13:MX_TIM2_Init	4
C:/Users/Joshua/Downloads/ME433/HW-16-CurrentControl/FDCAN_Com_Polling/Src/main.c:952:13:MX_GPIO_Init	1
C:/Users/Joshua/Downloads/ME433/HW-16-CurrentControl/FDCAN_Com_Polling/Src/main.c:972:6:BSP_PB_Callback	3
C:/Users/Joshua/Downloads/ME433/HW-16-CurrentControl/FDCAN_Com_Polling/Src/main.c:998:17:BufferCmp8b	3
C:/Users/Joshua/Downloads/ME433/HW-16-CurrentControl/FDCAN_Com_Polling/Src/main.c:1013:6:HAL_TIM_PeriodElapsedCallback	6
C:/Users/Joshua/Downloads/ME433/HW-16-CurrentControl/FDCAN_Com_Polling/Src/main.c:1095:6:Error_Handler	1
