Archive member included to satisfy reference by file (symbol)

C:/ST/STM32CubeIDE_2.1.1/STM32CubeIDE/plugins/com.st.stm32cube.ide.mcu.externaltools.gnu-tools-for-stm32.14.3.rel1.win32_1.0.100.202602081740/tools/bin/../lib/gcc/arm-none-eabi/14.3.1/../../../../arm-none-eabi/lib/thumb/v6-m/nofp\libc_nano.a(libc_a-exit.o)
                              C:/ST/STM32CubeIDE_2.1.1/STM32CubeIDE/plugins/com.st.stm32cube.ide.mcu.externaltools.gnu-tools-for-stm32.14.3.rel1.win32_1.0.100.202602081740/tools/bin/../lib/gcc/arm-none-eabi/14.3.1/../../../../arm-none-eabi/lib/thumb/v6-m/nofp/crt0.o (exit)
C:/ST/STM32CubeIDE_2.1.1/STM32CubeIDE/plugins/com.st.stm32cube.ide.mcu.externaltools.gnu-tools-for-stm32.14.3.rel1.win32_1.0.100.202602081740/tools/bin/../lib/gcc/arm-none-eabi/14.3.1/../../../../arm-none-eabi/lib/thumb/v6-m/nofp\libc_nano.a(libc_a-findfp.o)
                              C:/ST/STM32CubeIDE_2.1.1/STM32CubeIDE/plugins/com.st.stm32cube.ide.mcu.externaltools.gnu-tools-for-stm32.14.3.rel1.win32_1.0.100.202602081740/tools/bin/../lib/gcc/arm-none-eabi/14.3.1/../../../../arm-none-eabi/lib/thumb/v6-m/nofp\libc_nano.a(libc_a-exit.o) (__stdio_exit_handler)
C:/ST/STM32CubeIDE_2.1.1/STM32CubeIDE/plugins/com.st.stm32cube.ide.mcu.externaltools.gnu-tools-for-stm32.14.3.rel1.win32_1.0.100.202602081740/tools/bin/../lib/gcc/arm-none-eabi/14.3.1/../../../../arm-none-eabi/lib/thumb/v6-m/nofp\libc_nano.a(libc_a-fwalk.o)
                              C:/ST/STM32CubeIDE_2.1.1/STM32CubeIDE/plugins/com.st.stm32cube.ide.mcu.externaltools.gnu-tools-for-stm32.14.3.rel1.win32_1.0.100.202602081740/tools/bin/../lib/gcc/arm-none-eabi/14.3.1/../../../../arm-none-eabi/lib/thumb/v6-m/nofp\libc_nano.a(libc_a-findfp.o) (_fwalk_sglue)
C:/ST/STM32CubeIDE_2.1.1/STM32CubeIDE/plugins/com.st.stm32cube.ide.mcu.externaltools.gnu-tools-for-stm32.14.3.rel1.win32_1.0.100.202602081740/tools/bin/../lib/gcc/arm-none-eabi/14.3.1/../../../../arm-none-eabi/lib/thumb/v6-m/nofp\libc_nano.a(libc_a-snprintf.o)
                              ./Application/User/main.o (snprintf)
C:/ST/STM32CubeIDE_2.1.1/STM32CubeIDE/plugins/com.st.stm32cube.ide.mcu.externaltools.gnu-tools-for-stm32.14.3.rel1.win32_1.0.100.202602081740/tools/bin/../lib/gcc/arm-none-eabi/14.3.1/../../../../arm-none-eabi/lib/thumb/v6-m/nofp\libc_nano.a(libc_a-stdio.o)
                              C:/ST/STM32CubeIDE_2.1.1/STM32CubeIDE/plugins/com.st.stm32cube.ide.mcu.externaltools.gnu-tools-for-stm32.14.3.rel1.win32_1.0.100.202602081740/tools/bin/../lib/gcc/arm-none-eabi/14.3.1/../../../../arm-none-eabi/lib/thumb/v6-m/nofp\libc_nano.a(libc_a-findfp.o) (__sread)
C:/ST/STM32CubeIDE_2.1.1/STM32CubeIDE/plugins/com.st.stm32cube.ide.mcu.externaltools.gnu-tools-for-stm32.14.3.rel1.win32_1.0.100.202602081740/tools/bin/../lib/gcc/arm-none-eabi/14.3.1/../../../../arm-none-eabi/lib/thumb/v6-m/nofp\libc_nano.a(libc_a-memset.o)
                              C:/ST/STM32CubeIDE_2.1.1/STM32CubeIDE/plugins/com.st.stm32cube.ide.mcu.externaltools.gnu-tools-for-stm32.14.3.rel1.win32_1.0.100.202602081740/tools/bin/../lib/gcc/arm-none-eabi/14.3.1/../../../../arm-none-eabi/lib/thumb/v6-m/nofp/crt0.o (memset)
C:/ST/STM32CubeIDE_2.1.1/STM32CubeIDE/plugins/com.st.stm32cube.ide.mcu.externaltools.gnu-tools-for-stm32.14.3.rel1.win32_1.0.100.202602081740/tools/bin/../lib/gcc/arm-none-eabi/14.3.1/../../../../arm-none-eabi/lib/thumb/v6-m/nofp\libc_nano.a(libc_a-closer.o)
                              C:/ST/STM32CubeIDE_2.1.1/STM32CubeIDE/plugins/com.st.stm32cube.ide.mcu.externaltools.gnu-tools-for-stm32.14.3.rel1.win32_1.0.100.202602081740/tools/bin/../lib/gcc/arm-none-eabi/14.3.1/../../../../arm-none-eabi/lib/thumb/v6-m/nofp\libc_nano.a(libc_a-stdio.o) (_close_r)
C:/ST/STM32CubeIDE_2.1.1/STM32CubeIDE/plugins/com.st.stm32cube.ide.mcu.externaltools.gnu-tools-for-stm32.14.3.rel1.win32_1.0.100.202602081740/tools/bin/../lib/gcc/arm-none-eabi/14.3.1/../../../../arm-none-eabi/lib/thumb/v6-m/nofp\libc_nano.a(libc_a-reent.o)
                              C:/ST/STM32CubeIDE_2.1.1/STM32CubeIDE/plugins/com.st.stm32cube.ide.mcu.externaltools.gnu-tools-for-stm32.14.3.rel1.win32_1.0.100.202602081740/tools/bin/../lib/gcc/arm-none-eabi/14.3.1/../../../../arm-none-eabi/lib/thumb/v6-m/nofp\libc_nano.a(libc_a-closer.o) (errno)
C:/ST/STM32CubeIDE_2.1.1/STM32CubeIDE/plugins/com.st.stm32cube.ide.mcu.externaltools.gnu-tools-for-stm32.14.3.rel1.win32_1.0.100.202602081740/tools/bin/../lib/gcc/arm-none-eabi/14.3.1/../../../../arm-none-eabi/lib/thumb/v6-m/nofp\libc_nano.a(libc_a-impure.o)
                              C:/ST/STM32CubeIDE_2.1.1/STM32CubeIDE/plugins/com.st.stm32cube.ide.mcu.externaltools.gnu-tools-for-stm32.14.3.rel1.win32_1.0.100.202602081740/tools/bin/../lib/gcc/arm-none-eabi/14.3.1/../../../../arm-none-eabi/lib/thumb/v6-m/nofp\libc_nano.a(libc_a-snprintf.o) (_impure_ptr)
[...]
Memory Configuration

Name             Origin             Length             Attributes
RAM              0x20000000         0x00007800         xrw
FLASH            0x08000000         0x00040000         xr
*default*        0x00000000         0xffffffff

Linker script and memory map

LOAD C:/ST/STM32CubeIDE_2.1.1/STM32CubeIDE/plugins/com.st.stm32cube.ide.mcu.externaltools.gnu-tools-for-stm32.14.3.rel1.win32_1.0.100.202602081740/tools/bin/../lib/gcc/arm-none-eabi/14.3.1/thumb/v6-m/nofp/crti.o
LOAD C:/ST/STM32CubeIDE_2.1.1/STM32CubeIDE/plugins/com.st.stm32cube.ide.mcu.externaltools.gnu-tools-for-stm32.14.3.rel1.win32_1.0.100.202602081740/tools/bin/../lib/gcc/arm-none-eabi/14.3.1/thumb/v6-m/nofp/crtbegin.o
LOAD C:/ST/STM32CubeIDE_2.1.1/STM32CubeIDE/plugins/com.st.stm32cube.ide.mcu.externaltools.gnu-tools-for-stm32.14.3.rel1.win32_1.0.100.202602081740/tools/bin/../lib/gcc/arm-none-eabi/14.3.1/../../../../arm-none-eabi/lib/thumb/v6-m/nofp/crt0.o
LOAD ./Application/Startup/startup_stm32c092rctx.o
LOAD ./Application/User/main.o
LOAD ./Application/User/stm32c0xx_hal_msp.o
LOAD ./Application/User/stm32c0xx_it.o
LOAD ./Application/User/syscalls.o
LOAD ./Application/User/sysmem.o
LOAD ./Drivers/BSP/STM32C0xx_Nucleo/stm32c0xx_nucleo.o
LOAD ./Drivers/CMSIS/system_stm32c0xx.o
LOAD ./Drivers/STM32C0xx_HAL_Driver/stm32c0xx_hal.o
LOAD ./Drivers/STM32C0xx_HAL_Driver/stm32c0xx_hal_adc.o
LOAD ./Drivers/STM32C0xx_HAL_Driver/stm32c0xx_hal_adc_ex.o
LOAD ./Drivers/STM32C0xx_HAL_Driver/stm32c0xx_hal_cortex.o
LOAD ./Drivers/STM32C0xx_HAL_Driver/stm32c0xx_hal_dma.o
LOAD ./Drivers/STM32C0xx_HAL_Driver/stm32c0xx_hal_dma_ex.o
LOAD ./Drivers/STM32C0xx_HAL_Driver/stm32c0xx_hal_exti.o
LOAD ./Drivers/STM32C0xx_HAL_Driver/stm32c0xx_hal_fdcan.o
LOAD ./Drivers/STM32C0xx_HAL_Driver/stm32c0xx_hal_flash.o
LOAD ./Drivers/STM32C0xx_HAL_Driver/stm32c0xx_hal_flash_ex.o
LOAD ./Drivers/STM32C0xx_HAL_Driver/stm32c0xx_hal_gpio.o
LOAD ./Drivers/STM32C0xx_HAL_Driver/stm32c0xx_hal_i2c.o
LOAD ./Drivers/STM32C0xx_HAL_Driver/stm32c0xx_hal_i2c_ex.o
LOAD ./Drivers/STM32C0xx_HAL_Driver/stm32c0xx_hal_pwr.o
LOAD ./Drivers/STM32C0xx_HAL_Driver/stm32c0xx_hal_pwr_ex.o
LOAD ./Drivers/STM32C0xx_HAL_Driver/stm32c0xx_hal_rcc.o
LOAD ./Drivers/STM32C0xx_HAL_Driver/stm32c0xx_hal_rcc_ex.o
LOAD ./Drivers/STM32C0xx_HAL_Driver/stm32c0xx_hal_tim.o
LOAD ./Drivers/STM32C0xx_HAL_Driver/stm32c0xx_hal_tim_ex.o
LOAD ./Drivers/STM32C0xx_HAL_Driver/stm32c0xx_hal_uart.o
LOAD ./Drivers/STM32C0xx_HAL_Driver/stm32c0xx_hal_uart_ex.o
LOAD ./Drivers/STM32C0xx_HAL_Driver/stm32c0xx_hal_usart.o
LOAD ./Drivers/STM32C0xx_HAL_Driver/stm32c0xx_hal_usart_ex.o
START GROUP
LOAD C:/ST/STM32CubeIDE_2.1.1/STM32CubeIDE/plugins/com.st.stm32cube.ide.mcu.externaltools.gnu-tools-for-stm32.14.3.rel1.win32_1.0.100.202602081740/tools/bin/../lib/gcc/arm-none-eabi/14.3.1/../../../../arm-none-eabi/lib/thumb/v6-m/nofp\libc_nano.a
LOAD C:/ST/STM32CubeIDE_2.1.1/STM32CubeIDE/plugins/com.st.stm32cube.ide.mcu.externaltools.gnu-tools-for-stm32.14.3.rel1.win32_1.0.100.202602081740/tools/bin/../lib/gcc/arm-none-eabi/14.3.1/../../../../arm-none-eabi/lib/thumb/v6-m/nofp\libm.a
END GROUP
START GROUP
LOAD C:/ST/STM32CubeIDE_2.1.1/STM32CubeIDE/plugins/com.st.stm32cube.ide.mcu.externaltools.gnu-tools-for-stm32.14.3.rel1.win32_1.0.100.202602081740/tools/bin/../lib/gcc/arm-none-eabi/14.3.1/thumb/v6-m/nofp\libgcc.a
LOAD C:/ST/STM32CubeIDE_2.1.1/STM32CubeIDE/plugins/com.st.stm32cube.ide.mcu.externaltools.gnu-tools-for-stm32.14.3.rel1.win32_1.0.100.202602081740/tools/bin/../lib/gcc/arm-none-eabi/14.3.1/../../../../arm-none-eabi/lib/thumb/v6-m/nofp\libc_nano.a
END GROUP
START GROUP
LOAD C:/ST/STM32CubeIDE_2.1.1/STM32CubeIDE/plugins/com.st.stm32cube.ide.mcu.externaltools.gnu-tools-for-stm32.14.3.rel1.win32_1.0.100.202602081740/tools/bin/../lib/gcc/arm-none-eabi/14.3.1/thumb/v6-m/nofp\libgcc.a
LOAD C:/ST/STM32CubeIDE_2.1.1/STM32CubeIDE/plugins/com.st.stm32cube.ide.mcu.externaltools.gnu-tools-for-stm32.14.3.rel1.win32_1.0.100.202602081740/tools/bin/../lib/gcc/arm-none-eabi/14.3.1/../../../../arm-none-eabi/lib/thumb/v6-m/nofp\libc_nano.a
LOAD C:/ST/STM32CubeIDE_2.1.1/STM32CubeIDE/plugins/com.st.stm32cube.ide.mcu.externaltools.gnu-tools-for-stm32.14.3.rel1.win32_1.0.100.202602081740/tools/bin/../lib/gcc/arm-none-eabi/14.3.1/../../../../arm-none-eabi/lib/thumb/v6-m/nofp\libnosys.a
END GROUP
START GROUP
LOAD C:/ST/STM32CubeIDE_2.1.1/STM32CubeIDE/plugins/com.st.stm32cube.ide.mcu.externaltools.gnu-tools-for-stm32.14.3.rel1.win32_1.0.100.202602081740/tools/bin/../lib/gcc/arm-none-eabi/14.3.1/thumb/v6-m/nofp\libgcc.a
LOAD C:/ST/STM32CubeIDE_2.1.1/STM32CubeIDE/plugins/com.st.stm32cube.ide.mcu.externaltools.gnu-tools-for-stm32.14.3.rel1.win32_1.0.100.202602081740/tools/bin/../lib/gcc/arm-none-eabi/14.3.1/../../../../arm-none-eabi/lib/thumb/v6-m/nofp\libc_nano.a
LOAD C:/ST/STM32CubeIDE_2.1.1/STM32CubeIDE/plugins/com.st.stm32cube.ide.mcu.externaltools.gnu-tools-for-stm32.14.3.rel1.win32_1.0.100.202602081740/tools/bin/../lib/gcc/arm-none-eabi/14.3.1/../../../../arm-none-eabi/lib/thumb/v6-m/nofp\libnosys.a
END GROUP
LOAD C:/ST/STM32CubeIDE_2.1.1/STM32CubeIDE/plugins/com.st.stm32cube.ide.mcu.externaltools.gnu-tools-for-stm32.14.3.rel1.win32_1.0.100.202602081740/tools/bin/../lib/gcc/arm-none-eabi/14.3.1/thumb/v6-m/nofp/crtend.o
LOAD C:/ST/STM32CubeIDE_2.1.1/STM32CubeIDE/plugins/com.st.stm32cube.ide.mcu.externaltools.gnu-tools-for-stm32.14.3.rel1.win32_1.0.100.202602081740/tools/bin/../lib/gcc/arm-none-eabi/14.3.1/thumb/v6-m/nofp/crtn.o
                0x20007800                        _estack = (ORIGIN (RAM) + LENGTH (RAM))
                0x00000200                        _Min_Heap_Size = 0x200
                0x00000400                        _Min_Stack_Size = 0x400

.isr_vector     0x08000000       0xc0
                0x08000000                        . = ALIGN (0x4)
 *(.isr_vector)
 .isr_vector    0x08000000       0xc0 ./Application/Startup/startup_stm32c092rctx.o
                0x08000000                g_pfnVectors
                0x080000c0                        . = ALIGN (0x4)

.text           0x080000c0     0x7e1c
                0x080000c0                        . = ALIGN (0x4)
 *(.text)
 .text          0x080000c0       0x48 C:/ST/STM32CubeIDE_2.1.1/STM32CubeIDE/plugins/com.st.stm32cube.ide.mcu.externaltools.gnu-tools-for-stm32.14.3.rel1.win32_1.0.100.202602081740/tools/bin/../lib/gcc/arm-none-eabi/14.3.1/thumb/v6-m/nofp/crtbegin.o
 .text          0x08000108        0xe C:/ST/STM32CubeIDE_2.1.1/STM32CubeIDE/plugins/com.st.stm32cube.ide.mcu.externaltools.gnu-tools-for-stm32.14.3.rel1.win32_1.0.100.202602081740/tools/bin/../lib/gcc/arm-none-eabi/14.3.1/../../../../arm-none-eabi/lib/thumb/v6-m/nofp\libc_nano.a(libc_a-strlen.o)
                0x08000108                strlen
 *fill*         0x08000116        0x2 
 .text          0x08000118       0x14 C:/ST/STM32CubeIDE_2.1.1/STM32CubeIDE/plugins/com.st.stm32cube.ide.mcu.externaltools.gnu-tools-for-stm32.14.3.rel1.win32_1.0.100.202602081740/tools/bin/../lib/gcc/arm-none-eabi/14.3.1/thumb/v6-m/nofp\libgcc.a(_thumb1_case_shi.o)
                0x08000118                __gnu_thumb1_case_shi
 .text          0x0800012c      0x114 C:/ST/STM32CubeIDE_2.1.1/STM32CubeIDE/plugins/com.st.stm32cube.ide.mcu.externaltools.gnu-tools-for-stm32.14.3.rel1.win32_1.0.100.202602081740/tools/bin/../lib/gcc/arm-none-eabi/14.3.1/thumb/v6-m/nofp\libgcc.a(_udivsi3.o)
                0x0800012c                __aeabi_uidiv
                0x0800012c                __udivsi3
                0x08000238                __aeabi_uidivmod
 .text          0x08000240      0x1d4 C:/ST/STM32CubeIDE_2.1.1/STM32CubeIDE/plugins/com.st.stm32cube.ide.mcu.externaltools.gnu-tools-for-stm32.14.3.rel1.win32_1.0.100.202602081740/tools/bin/../lib/gcc/arm-none-eabi/14.3.1/thumb/v6-m/nofp\libgcc.a(_divsi3.o)
                0x08000240                __divsi3
                0x08000240                __aeabi_idiv
                0x0800040c                __aeabi_idivmod
 .text          0x08000414        0x4 C:/ST/STM32CubeIDE_2.1.1/STM32CubeIDE/plugins/com.st.stm32cube.ide.mcu.externaltools.gnu-tools-for-stm32.14.3.rel1.win32_1.0.100.202602081740/tools/bin/../lib/gcc/arm-none-eabi/14.3.1/thumb/v6-m/nofp\libgcc.a(_dvmd_tls.o)
                0x08000414                __aeabi_idiv0
                0x08000414                __aeabi_ldiv0
 .text          0x08000418      0x41c C:/ST/STM32CubeIDE_2.1.1/STM32CubeIDE/plugins/com.st.stm32cube.ide.mcu.externaltools.gnu-tools-for-stm32.14.3.rel1.win32_1.0.100.202602081740/tools/bin/../lib/gcc/arm-none-eabi/14.3.1/thumb/v6-m/nofp\libgcc.a(addsf3.o)
                0x08000418                __aeabi_fadd
 .text          0x08000834      0x2a4 C:/ST/STM32CubeIDE_2.1.1/STM32CubeIDE/plugins/com.st.stm32cube.ide.mcu.externaltools.gnu-tools-for-stm32.14.3.rel1.win32_1.0.100.202602081740/tools/bin/../lib/gcc/arm-none-eabi/14.3.1/thumb/v6-m/nofp\libgcc.a(mulsf3.o)
                0x08000834                __aeabi_fmul
 .text          0x08000ad8       0x40 C:/ST/STM32CubeIDE_2.1.1/STM32CubeIDE/plugins/com.st.stm32cube.ide.mcu.externaltools.gnu-tools-for-stm32.14.3.rel1.win32_1.0.100.202602081740/tools/bin/../lib/gcc/arm-none-eabi/14.3.1/thumb/v6-m/nofp\libgcc.a(fixsfsi.o)
                0x08000ad8                __aeabi_f2iz
 .text          0x08000b18       0xa0 C:/ST/STM32CubeIDE_2.1.1/STM32CubeIDE/plugins/com.st.stm32cube.ide.mcu.externaltools.gnu-tools-for-stm32.14.3.rel1.win32_1.0.100.202602081740/tools/bin/../lib/gcc/arm-none-eabi/14.3.1/thumb/v6-m/nofp\libgcc.a(floatsisf.o)
                0x08000b18                __aeabi_i2f
 .text          0x08000bb8       0x3c C:/ST/STM32CubeIDE_2.1.1/STM32CubeIDE/plugins/com.st.stm32cube.ide.mcu.externaltools.gnu-tools-for-stm32.14.3.rel1.win32_1.0.100.202602081740/tools/bin/../lib/gcc/arm-none-eabi/14.3.1/thumb/v6-m/nofp\libgcc.a(_clzsi2.o)
                0x08000bb8                __clzsi2
 *(.text*)
 .text.Reset_Handler
                0x08000bf4       0x50 ./Application/Startup/startup_stm32c092rctx.o
                0x08000bf4                Reset_Handler
 .text.Default_Handler
                0x08000c44        0x2 ./Application/Startup/startup_stm32c092rctx.o
                0x08000c44                TIM1_CC_IRQHandler
                0x08000c44                I2C1_IRQHandler
                0x08000c44                FDCAN1_IT1_IRQHandler
                0x08000c44                SPI1_IRQHandler
                0x08000c44                USART3_4_IRQHandler
                0x08000c44                EXTI2_3_IRQHandler
                0x08000c44                ADC1_IRQHandler
                0x08000c44                I2C2_IRQHandler
                0x08000c44                TIM17_IRQHandler
                0x08000c44                RTC_IRQHandler
                0x08000c44                TIM16_IRQHandler
                0x08000c44                TIM3_IRQHandler
                0x08000c44                RCC_IRQHandler
                0x08000c44                DMA1_Channel1_IRQHandler
                0x08000c44                Default_Handler
                0x08000c44                TIM14_IRQHandler
                0x08000c44                TIM15_IRQHandler
                0x08000c44                EXTI0_1_IRQHandler
                0x08000c44                SPI2_IRQHandler
                0x08000c44                WWDG_IRQHandler
                0x08000c44                FDCAN1_IT0_IRQHandler
                0x08000c44                DMA1_Channel2_3_IRQHandler
                0x08000c44                DMAMUX1_DMA1_CH4_5_IRQHandler
                0x08000c44                USART2_IRQHandler
                0x08000c44                FLASH_IRQHandler
                0x08000c44                USART1_IRQHandler
                0x08000c44                TIM1_BRK_UP_TRG_COM_IRQHandler
 *fill*         0x08000c46        0x2 
 .text.read_servo_adc
                0x08000c48       0x48 ./Application/User/main.o
                0x08000c48                read_servo_adc
 .text.writeINA219
                0x08000c90       0x44 ./Application/User/main.o
                0x08000c90                writeINA219
 .text.readINA219
                0x08000cd4       0x5c ./Application/User/main.o
                0x08000cd4                readINA219
 .text.init_ina219
                0x08000d30       0x38 ./Application/User/main.o
                0x08000d30                init_ina219
 .text.check_ina219_connection
                0x08000d68       0x6c ./Application/User/main.o
                0x08000d68                check_ina219_connection
 .text.send_string
                0x08000dd4       0x2c ./Application/User/main.o
                0x08000dd4                send_string
 .text.motor_off
                0x08000e00       0x24 ./Application/User/main.o
                0x08000e00                motor_off
 .text.motor_forward_50
                0x08000e24       0x24 ./Application/User/main.o
                0x08000e24                motor_forward_50
 .text.motor_reverse_50
                0x08000e48       0x24 ./Application/User/main.o
                0x08000e48                motor_reverse_50
 .text.test_motor_pwm
                0x08000e6c       0x44 ./Application/User/main.o
                0x08000e6c                test_motor_pwm
 .text.set_motor_pwm
                0x08000eb0       0x78 ./Application/User/main.o
                0x08000eb0                set_motor_pwm
 .text.main     0x08000f28      0x2d4 ./Application/User/main.o
                0x08000f28                main
 .text.SystemClock_Config
                0x080011fc       0x9c ./Application/User/main.o
                0x080011fc                SystemClock_Config
 .text.MX_ADC1_Init
                0x08001298       0xcc ./Application/User/main.o
 .text.MX_FDCAN1_Init
                0x08001364       0x90 ./Application/User/main.o
 .text.MX_I2C2_Init
                0x080013f4       0x80 ./Application/User/main.o
 .text.MX_TIM1_Init
                0x08001474      0x16c ./Application/User/main.o
 .text.MX_TIM2_Init
                0x080015e0       0xa8 ./Application/User/main.o
 .text.MX_GPIO_Init
                0x08001688       0x44 ./Application/User/main.o
 .text.BSP_PB_Callback
                0x080016cc       0x48 ./Application/User/main.o
                0x080016cc                BSP_PB_Callback
 .text.HAL_TIM_PeriodElapsedCallback
                0x08001714      0x198 ./Application/User/main.o
                0x08001714                HAL_TIM_PeriodElapsedCallback
 .text.Error_Handler
                0x080018ac       0x18 ./Application/User/main.o
                0x080018ac                Error_Handler
 .text.HAL_MspInit
                0x080018c4       0x48 ./Application/User/stm32c0xx_hal_msp.o
                0x080018c4                HAL_MspInit
 .text.HAL_ADC_MspInit
                0x0800190c       0xb4 ./Application/User/stm32c0xx_hal_msp.o
                0x0800190c                HAL_ADC_MspInit
 .text.HAL_FDCAN_MspInit
                0x080019c0       0xc4 ./Application/User/stm32c0xx_hal_msp.o
                0x080019c0                HAL_FDCAN_MspInit
 .text.HAL_I2C_MspInit
                0x08001a84       0x94 ./Application/User/stm32c0xx_hal_msp.o
                0x08001a84                HAL_I2C_MspInit
 .text.HAL_TIM_PWM_MspInit
                0x08001b18       0x40 ./Application/User/stm32c0xx_hal_msp.o
                0x08001b18                HAL_TIM_PWM_MspInit
 .text.HAL_TIM_Base_MspInit
                0x08001b58       0x48 ./Application/User/stm32c0xx_hal_msp.o
                0x08001b58                HAL_TIM_Base_MspInit
 .text.HAL_TIM_MspPostInit
                0x08001ba0       0xa8 ./Application/User/stm32c0xx_hal_msp.o
                0x08001ba0                HAL_TIM_MspPostInit
 .text.NMI_Handler
                0x08001c48        0xa ./Application/User/stm32c0xx_it.o
                0x08001c48                NMI_Handler
 .text.HardFault_Handler
                0x08001c52        0x8 ./Application/User/stm32c0xx_it.o
                0x08001c52                HardFault_Handler
 .text.SVC_Handler
                0x08001c5a        0xa ./Application/User/stm32c0xx_it.o
                0x08001c5a                SVC_Handler
 .text.PendSV_Handler
                0x08001c64        0xa ./Application/User/stm32c0xx_it.o
                0x08001c64                PendSV_Handler
 .text.SysTick_Handler
                0x08001c6e        0xe ./Application/User/stm32c0xx_it.o
                0x08001c6e                SysTick_Handler
 .text.TIM2_IRQHandler
                0x08001c7c       0x18 ./Application/User/stm32c0xx_it.o
                0x08001c7c                TIM2_IRQHandler
 .text.EXTI4_15_IRQHandler
                0x08001c94       0x10 ./Application/User/stm32c0xx_it.o
                0x08001c94                EXTI4_15_IRQHandler
 .text._sbrk    0x08001ca4       0x6c ./Application/User/sysmem.o
                0x08001ca4                _sbrk
 .text.BSP_LED_Init
                0x08001d10       0xd4 ./Drivers/BSP/STM32C0xx_Nucleo/stm32c0xx_nucleo.o
                0x08001d10                BSP_LED_Init
 .text.BSP_LED_Off
                0x08001de4       0x7c ./Drivers/BSP/STM32C0xx_Nucleo/stm32c0xx_nucleo.o
                0x08001de4                BSP_LED_Off
 .text.BSP_LED_Toggle
                0x08001e60       0x54 ./Drivers/BSP/STM32C0xx_Nucleo/stm32c0xx_nucleo.o
                0x08001e60                BSP_LED_Toggle
 .text.BSP_PB_Init
                0x08001eb4      0x108 ./Drivers/BSP/STM32C0xx_Nucleo/stm32c0xx_nucleo.o
                0x08001eb4                BSP_PB_Init
 .text.BSP_PB_IRQHandler
                0x08001fbc       0x30 ./Drivers/BSP/STM32C0xx_Nucleo/stm32c0xx_nucleo.o
                0x08001fbc                BSP_PB_IRQHandler
 .text.BSP_COM_Init
                0x08001fec       0x64 ./Drivers/BSP/STM32C0xx_Nucleo/stm32c0xx_nucleo.o
                0x08001fec                BSP_COM_Init
 .text.MX_USART2_Init
                0x08002050       0x6c ./Drivers/BSP/STM32C0xx_Nucleo/stm32c0xx_nucleo.o
                0x08002050                MX_USART2_Init
 .text.BUTTON_USER_EXTI_Callback
                0x080020bc       0x10 ./Drivers/BSP/STM32C0xx_Nucleo/stm32c0xx_nucleo.o
 .text.COM1_MspInit
                0x080020cc       0xb0 ./Drivers/BSP/STM32C0xx_Nucleo/stm32c0xx_nucleo.o
 .text.SystemInit
                0x0800217c       0x18 ./Drivers/CMSIS/system_stm32c0xx.o
                0x0800217c                SystemInit
 .text.HAL_Init
                0x08002194       0x2e ./Drivers/STM32C0xx_HAL_Driver/stm32c0xx_hal.o
                0x08002194                HAL_Init
 *fill*         0x080021c2        0x2 
 .text.HAL_InitTick
                0x080021c4       0x94 ./Drivers/STM32C0xx_HAL_Driver/stm32c0xx_hal.o
                0x080021c4                HAL_InitTick
 .text.HAL_IncTick
                0x08002258       0x24 ./Drivers/STM32C0xx_HAL_Driver/stm32c0xx_hal.o
                0x08002258                HAL_IncTick
 .text.HAL_GetTick
                0x0800227c       0x14 ./Drivers/STM32C0xx_HAL_Driver/stm32c0xx_hal.o
                0x0800227c                HAL_GetTick
 .text.HAL_Delay
                0x08002290       0x48 ./Drivers/STM32C0xx_HAL_Driver/stm32c0xx_hal.o
                0x08002290                HAL_Delay
 .text.LL_ADC_SetCommonPathInternalCh
                0x080022d8       0x28 ./Drivers/STM32C0xx_HAL_Driver/stm32c0xx_hal_adc.o
 .text.LL_ADC_GetCommonPathInternalCh
                0x08002300       0x1a ./Drivers/STM32C0xx_HAL_Driver/stm32c0xx_hal_adc.o
 .text.LL_ADC_SetSamplingTimeCommonChannels
                0x0800231a       0x3a ./Drivers/STM32C0xx_HAL_Driver/stm32c0xx_hal_adc.o
 .text.LL_ADC_GetSamplingTimeCommonChannels
                0x08002354       0x2e ./Drivers/STM32C0xx_HAL_Driver/stm32c0xx_hal_adc.o
 .text.LL_ADC_REG_IsTriggerSourceSWStart
                0x08002382       0x22 ./Drivers/STM32C0xx_HAL_Driver/stm32c0xx_hal_adc.o
 .text.LL_ADC_REG_SetSequencerRanks
                0x080023a4       0x40 ./Drivers/STM32C0xx_HAL_Driver/stm32c0xx_hal_adc.o
 .text.LL_ADC_REG_SetSequencerChAdd
                0x080023e4       0x22 ./Drivers/STM32C0xx_HAL_Driver/stm32c0xx_hal_adc.o
 .text.LL_ADC_REG_SetSequencerChRem
                0x08002406       0x24 ./Drivers/STM32C0xx_HAL_Driver/stm32c0xx_hal_adc.o
 *fill*         0x0800242a        0x2 
 .text.LL_ADC_SetChannelSamplingTime
                0x0800242c       0x38 ./Drivers/STM32C0xx_HAL_Driver/stm32c0xx_hal_adc.o
 .text.LL_ADC_EnableInternalRegulator
                0x08002464       0x28 ./Drivers/STM32C0xx_HAL_Driver/stm32c0xx_hal_adc.o
 .text.LL_ADC_IsInternalRegulatorEnabled
                0x0800248c       0x28 ./Drivers/STM32C0xx_HAL_Driver/stm32c0xx_hal_adc.o
 .text.LL_ADC_Enable
                0x080024b4       0x24 ./Drivers/STM32C0xx_HAL_Driver/stm32c0xx_hal_adc.o
 .text.LL_ADC_Disable
                0x080024d8       0x24 ./Drivers/STM32C0xx_HAL_Driver/stm32c0xx_hal_adc.o
 .text.LL_ADC_IsEnabled
                0x080024fc       0x22 ./Drivers/STM32C0xx_HAL_Driver/stm32c0xx_hal_adc.o
 .text.LL_ADC_IsDisableOngoing
                0x0800251e       0x22 ./Drivers/STM32C0xx_HAL_Driver/stm32c0xx_hal_adc.o
 .text.LL_ADC_REG_StartConversion
                0x08002540       0x24 ./Drivers/STM32C0xx_HAL_Driver/stm32c0xx_hal_adc.o
 .text.LL_ADC_REG_StopConversion
                0x08002564       0x24 ./Drivers/STM32C0xx_HAL_Driver/stm32c0xx_hal_adc.o
 .text.LL_ADC_REG_IsConversionOngoing
                0x08002588       0x22 ./Drivers/STM32C0xx_HAL_Driver/stm32c0xx_hal_adc.o
 *fill*         0x080025aa        0x2 
 .text.HAL_ADC_Init
                0x080025ac      0x34c ./Drivers/STM32C0xx_HAL_Driver/stm32c0xx_hal_adc.o
                0x080025ac                HAL_ADC_Init
 .text.HAL_ADC_Start
                0x080028f8       0x9c ./Drivers/STM32C0xx_HAL_Driver/stm32c0xx_hal_adc.o
                0x080028f8                HAL_ADC_Start
 .text.HAL_ADC_Stop
                0x08002994       0x78 ./Drivers/STM32C0xx_HAL_Driver/stm32c0xx_hal_adc.o
                0x08002994                HAL_ADC_Stop
 .text.HAL_ADC_PollForConversion
                0x08002a0c      0x11c ./Drivers/STM32C0xx_HAL_Driver/stm32c0xx_hal_adc.o
                0x08002a0c                HAL_ADC_PollForConversion
 .text.HAL_ADC_GetValue
                0x08002b28       0x16 ./Drivers/STM32C0xx_HAL_Driver/stm32c0xx_hal_adc.o
                0x08002b28                HAL_ADC_GetValue
 *fill*         0x08002b3e        0x2 
 .text.HAL_ADC_ConfigChannel
                0x08002b40      0x3ac ./Drivers/STM32C0xx_HAL_Driver/stm32c0xx_hal_adc.o
                0x08002b40                HAL_ADC_ConfigChannel
 .text.ADC_ConversionStop
                0x08002eec       0x78 ./Drivers/STM32C0xx_HAL_Driver/stm32c0xx_hal_adc.o
                0x08002eec                ADC_ConversionStop
 .text.ADC_Enable
                0x08002f64       0xfc ./Drivers/STM32C0xx_HAL_Driver/stm32c0xx_hal_adc.o
                0x08002f64                ADC_Enable
 .text.ADC_Disable
                0x08003060       0xb0 ./Drivers/STM32C0xx_HAL_Driver/stm32c0xx_hal_adc.o
                0x08003060                ADC_Disable
 .text.__NVIC_EnableIRQ
                0x08003110       0x34 ./Drivers/STM32C0xx_HAL_Driver/stm32c0xx_hal_cortex.o
 .text.__NVIC_SetPriority
                0x08003144       0xdc ./Drivers/STM32C0xx_HAL_Driver/stm32c0xx_hal_cortex.o
 .text.SysTick_Config
                0x08003220       0x48 ./Drivers/STM32C0xx_HAL_Driver/stm32c0xx_hal_cortex.o
 .text.HAL_NVIC_SetPriority
                0x08003268       0x2a ./Drivers/STM32C0xx_HAL_Driver/stm32c0xx_hal_cortex.o
                0x08003268                HAL_NVIC_SetPriority
 .text.HAL_NVIC_EnableIRQ
                0x08003292       0x20 ./Drivers/STM32C0xx_HAL_Driver/stm32c0xx_hal_cortex.o
                0x08003292                HAL_NVIC_EnableIRQ
 .text.HAL_SYSTICK_Config
                0x080032b2       0x1a ./Drivers/STM32C0xx_HAL_Driver/stm32c0xx_hal_cortex.o
                0x080032b2                HAL_SYSTICK_Config
 .text.HAL_EXTI_RegisterCallback
                0x080032cc       0x64 ./Drivers/STM32C0xx_HAL_Driver/stm32c0xx_hal_exti.o
                0x080032cc                HAL_EXTI_RegisterCallback
 .text.HAL_EXTI_GetHandle
                0x08003330       0x24 ./Drivers/STM32C0xx_HAL_Driver/stm32c0xx_hal_exti.o
                0x08003330                HAL_EXTI_GetHandle
 .text.HAL_EXTI_IRQHandler
                0x08003354       0x94 ./Drivers/STM32C0xx_HAL_Driver/stm32c0xx_hal_exti.o
                0x08003354                HAL_EXTI_IRQHandler
 .text.HAL_FDCAN_Init
                0x080033e8      0x2c0 ./Drivers/STM32C0xx_HAL_Driver/stm32c0xx_hal_fdcan.o
                0x080033e8                HAL_FDCAN_Init
 .text.HAL_FDCAN_ConfigFilter
                0x080036a8       0xba ./Drivers/STM32C0xx_HAL_Driver/stm32c0xx_hal_fdcan.o
                0x080036a8                HAL_FDCAN_ConfigFilter
 .text.HAL_FDCAN_ConfigGlobalFilter
                0x08003762       0x60 ./Drivers/STM32C0xx_HAL_Driver/stm32c0xx_hal_fdcan.o
                0x08003762                HAL_FDCAN_ConfigGlobalFilter
 .text.HAL_FDCAN_ConfigTxDelayCompensation
                0x080037c2       0x40 ./Drivers/STM32C0xx_HAL_Driver/stm32c0xx_hal_fdcan.o
                0x080037c2                HAL_FDCAN_ConfigTxDelayCompensation
 .text.HAL_FDCAN_EnableTxDelayCompensation
                0x08003802       0x40 ./Drivers/STM32C0xx_HAL_Driver/stm32c0xx_hal_fdcan.o
                0x08003802                HAL_FDCAN_EnableTxDelayCompensation
 .text.HAL_FDCAN_Start
                0x08003842       0x4c ./Drivers/STM32C0xx_HAL_Driver/stm32c0xx_hal_fdcan.o
                0x08003842                HAL_FDCAN_Start
 .text.HAL_FDCAN_AddMessageToTxFifoQ
                0x0800388e       0x8a ./Drivers/STM32C0xx_HAL_Driver/stm32c0xx_hal_fdcan.o
                0x0800388e                HAL_FDCAN_AddMessageToTxFifoQ
 .text.FDCAN_CalcultateRamBlockAddresses
                0x08003918       0xc0 ./Drivers/STM32C0xx_HAL_Driver/stm32c0xx_hal_fdcan.o
 .text.FDCAN_CopyMessageToRAM
                0x080039d8       0xf8 ./Drivers/STM32C0xx_HAL_Driver/stm32c0xx_hal_fdcan.o
 .text.HAL_GPIO_Init
                0x08003ad0      0x2e4 ./Drivers/STM32C0xx_HAL_Driver/stm32c0xx_hal_gpio.o
                0x08003ad0                HAL_GPIO_Init
 .text.HAL_GPIO_WritePin
                0x08003db4       0x3a ./Drivers/STM32C0xx_HAL_Driver/stm32c0xx_hal_gpio.o
                0x08003db4                HAL_GPIO_WritePin
 .text.HAL_GPIO_TogglePin
                0x08003dee       0x36 ./Drivers/STM32C0xx_HAL_Driver/stm32c0xx_hal_gpio.o
                0x08003dee                HAL_GPIO_TogglePin
 .text.HAL_I2C_Init
                0x08003e24      0x14c ./Drivers/STM32C0xx_HAL_Driver/stm32c0xx_hal_i2c.o
                0x08003e24                HAL_I2C_Init
 .text.HAL_I2C_Master_Transmit
                0x08003f70      0x254 ./Drivers/STM32C0xx_HAL_Driver/stm32c0xx_hal_i2c.o
                0x08003f70                HAL_I2C_Master_Transmit
 .text.HAL_I2C_Master_Receive
                0x080041c4      0x210 ./Drivers/STM32C0xx_HAL_Driver/stm32c0xx_hal_i2c.o
                0x080041c4                HAL_I2C_Master_Receive
 .text.HAL_I2C_IsDeviceReady
                0x080043d4      0x23c ./Drivers/STM32C0xx_HAL_Driver/stm32c0xx_hal_i2c.o
                0x080043d4                HAL_I2C_IsDeviceReady
 .text.I2C_Flush_TXDR
                0x08004610       0x44 ./Drivers/STM32C0xx_HAL_Driver/stm32c0xx_hal_i2c.o
 .text.I2C_WaitOnFlagUntilTimeout
                0x08004654       0xb0 ./Drivers/STM32C0xx_HAL_Driver/stm32c0xx_hal_i2c.o
 .text.I2C_WaitOnTXISFlagUntilTimeout
                0x08004704       0x8c ./Drivers/STM32C0xx_HAL_Driver/stm32c0xx_hal_i2c.o
 .text.I2C_WaitOnSTOPFlagUntilTimeout
                0x08004790       0x86 ./Drivers/STM32C0xx_HAL_Driver/stm32c0xx_hal_i2c.o
 *fill*         0x08004816        0x2 
 .text.I2C_WaitOnRXNEFlagUntilTimeout
                0x08004818      0x13c ./Drivers/STM32C0xx_HAL_Driver/stm32c0xx_hal_i2c.o
 .text.I2C_IsErrorOccurred
                0x08004954      0x1f0 ./Drivers/STM32C0xx_HAL_Driver/stm32c0xx_hal_i2c.o
 .text.I2C_TransferConfig
                0x08004b44       0x74 ./Drivers/STM32C0xx_HAL_Driver/stm32c0xx_hal_i2c.o
 .text.HAL_I2CEx_ConfigAnalogFilter
                0x08004bb8       0x98 ./Drivers/STM32C0xx_HAL_Driver/stm32c0xx_hal_i2c_ex.o
                0x08004bb8                HAL_I2CEx_ConfigAnalogFilter
 .text.HAL_I2CEx_ConfigDigitalFilter
                0x08004c50       0x98 ./Drivers/STM32C0xx_HAL_Driver/stm32c0xx_hal_i2c_ex.o
                0x08004c50                HAL_I2CEx_ConfigDigitalFilter
 .text.HAL_RCC_OscConfig
                0x08004ce8      0x3c8 ./Drivers/STM32C0xx_HAL_Driver/stm32c0xx_hal_rcc.o
                0x08004ce8                HAL_RCC_OscConfig
 .text.HAL_RCC_ClockConfig
                0x080050b0      0x214 ./Drivers/STM32C0xx_HAL_Driver/stm32c0xx_hal_rcc.o
                0x080050b0                HAL_RCC_ClockConfig
 .text.HAL_RCC_GetSysClockFreq
                0x080052c4       0xa0 ./Drivers/STM32C0xx_HAL_Driver/stm32c0xx_hal_rcc.o
                0x080052c4                HAL_RCC_GetSysClockFreq
 .text.HAL_RCC_GetHCLKFreq
                0x08005364       0x3c ./Drivers/STM32C0xx_HAL_Driver/stm32c0xx_hal_rcc.o
                0x08005364                HAL_RCC_GetHCLKFreq
 .text.HAL_RCC_GetPCLK1Freq
                0x080053a0       0x30 ./Drivers/STM32C0xx_HAL_Driver/stm32c0xx_hal_rcc.o
                0x080053a0                HAL_RCC_GetPCLK1Freq
 .text.HAL_RCCEx_PeriphCLKConfig
                0x080053d0      0x1f4 ./Drivers/STM32C0xx_HAL_Driver/stm32c0xx_hal_rcc_ex.o
                0x080053d0                HAL_RCCEx_PeriphCLKConfig
 .text.HAL_TIM_Base_Init
                0x080055c4       0xb0 ./Drivers/STM32C0xx_HAL_Driver/stm32c0xx_hal_tim.o
                0x080055c4                HAL_TIM_Base_Init
 .text.HAL_TIM_Base_Start_IT
                0x08005674       0xb8 ./Drivers/STM32C0xx_HAL_Driver/stm32c0xx_hal_tim.o
                0x08005674                HAL_TIM_Base_Start_IT
 .text.HAL_TIM_PWM_Init
                0x0800572c       0xb0 ./Drivers/STM32C0xx_HAL_Driver/stm32c0xx_hal_tim.o
                0x0800572c                HAL_TIM_PWM_Init
 .text.HAL_TIM_PWM_Start
                0x080057dc      0x1d4 ./Drivers/STM32C0xx_HAL_Driver/stm32c0xx_hal_tim.o
                0x080057dc                HAL_TIM_PWM_Start
 .text.HAL_TIM_IRQHandler
                0x080059b0      0x210 ./Drivers/STM32C0xx_HAL_Driver/stm32c0xx_hal_tim.o
                0x080059b0                HAL_TIM_IRQHandler
 .text.HAL_TIM_PWM_ConfigChannel
                0x08005bc0      0x200 ./Drivers/STM32C0xx_HAL_Driver/stm32c0xx_hal_tim.o
                0x08005bc0                HAL_TIM_PWM_ConfigChannel
 .text.HAL_TIM_ConfigClockSource
                0x08005dc0      0x1ac ./Drivers/STM32C0xx_HAL_Driver/stm32c0xx_hal_tim.o
                0x08005dc0                HAL_TIM_ConfigClockSource
 .text.HAL_TIM_OC_DelayElapsedCallback
                0x08005f6c       0x10 ./Drivers/STM32C0xx_HAL_Driver/stm32c0xx_hal_tim.o
                0x08005f6c                HAL_TIM_OC_DelayElapsedCallback
 .text.HAL_TIM_IC_CaptureCallback
                0x08005f7c       0x10 ./Drivers/STM32C0xx_HAL_Driver/stm32c0xx_hal_tim.o
                0x08005f7c                HAL_TIM_IC_CaptureCallback
 .text.HAL_TIM_PWM_PulseFinishedCallback
                0x08005f8c       0x10 ./Drivers/STM32C0xx_HAL_Driver/stm32c0xx_hal_tim.o
                0x08005f8c                HAL_TIM_PWM_PulseFinishedCallback
 .text.HAL_TIM_TriggerCallback
                0x08005f9c       0x10 ./Drivers/STM32C0xx_HAL_Driver/stm32c0xx_hal_tim.o
                0x08005f9c                HAL_TIM_TriggerCallback
 .text.TIM_Base_SetConfig
                0x08005fac      0x10c ./Drivers/STM32C0xx_HAL_Driver/stm32c0xx_hal_tim.o
                0x08005fac                TIM_Base_SetConfig
 .text.TIM_OC1_SetConfig
                0x080060b8      0x114 ./Drivers/STM32C0xx_HAL_Driver/stm32c0xx_hal_tim.o
 .text.TIM_OC2_SetConfig
                0x080061cc      0x108 ./Drivers/STM32C0xx_HAL_Driver/stm32c0xx_hal_tim.o
                0x080061cc                TIM_OC2_SetConfig
 .text.TIM_OC3_SetConfig
                0x080062d4      0x110 ./Drivers/STM32C0xx_HAL_Driver/stm32c0xx_hal_tim.o
 .text.TIM_OC4_SetConfig
                0x080063e4       0xd4 ./Drivers/STM32C0xx_HAL_Driver/stm32c0xx_hal_tim.o
 .text.TIM_OC5_SetConfig
                0x080064b8       0xc0 ./Drivers/STM32C0xx_HAL_Driver/stm32c0xx_hal_tim.o
 .text.TIM_OC6_SetConfig
                0x08006578       0xc8 ./Drivers/STM32C0xx_HAL_Driver/stm32c0xx_hal_tim.o
 .text.TIM_TI1_ConfigInputStage
                0x08006640       0x5c ./Drivers/STM32C0xx_HAL_Driver/stm32c0xx_hal_tim.o
 .text.TIM_TI2_ConfigInputStage
                0x0800669c       0x64 ./Drivers/STM32C0xx_HAL_Driver/stm32c0xx_hal_tim.o
 .text.TIM_ITRx_SetConfig
                0x08006700       0x38 ./Drivers/STM32C0xx_HAL_Driver/stm32c0xx_hal_tim.o
 .text.TIM_ETR_SetConfig
                0x08006738       0x40 ./Drivers/STM32C0xx_HAL_Driver/stm32c0xx_hal_tim.o
                0x08006738                TIM_ETR_SetConfig
 .text.TIM_CCxChannelCmd
                0x08006778       0x46 ./Drivers/STM32C0xx_HAL_Driver/stm32c0xx_hal_tim.o
                0x08006778                TIM_CCxChannelCmd
 *fill*         0x080067be        0x2 
 .text.HAL_TIMEx_MasterConfigSynchronization
                0x080067c0       0xdc ./Drivers/STM32C0xx_HAL_Driver/stm32c0xx_hal_tim_ex.o
                0x080067c0                HAL_TIMEx_MasterConfigSynchronization
 .text.HAL_TIMEx_ConfigBreakDeadTime
                0x0800689c      0x138 ./Drivers/STM32C0xx_HAL_Driver/stm32c0xx_hal_tim_ex.o
                0x0800689c                HAL_TIMEx_ConfigBreakDeadTime
 .text.HAL_TIMEx_CommutCallback
                0x080069d4       0x10 ./Drivers/STM32C0xx_HAL_Driver/stm32c0xx_hal_tim_ex.o
                0x080069d4                HAL_TIMEx_CommutCallback
 .text.HAL_TIMEx_BreakCallback
                0x080069e4       0x10 ./Drivers/STM32C0xx_HAL_Driver/stm32c0xx_hal_tim_ex.o
                0x080069e4                HAL_TIMEx_BreakCallback
 .text.HAL_TIMEx_Break2Callback
                0x080069f4       0x10 ./Drivers/STM32C0xx_HAL_Driver/stm32c0xx_hal_tim_ex.o
                0x080069f4                HAL_TIMEx_Break2Callback
 .text.HAL_UART_Init
                0x08006a04       0xac ./Drivers/STM32C0xx_HAL_Driver/stm32c0xx_hal_uart.o
                0x08006a04                HAL_UART_Init
 .text.HAL_UART_MspInit
                0x08006ab0       0x10 ./Drivers/STM32C0xx_HAL_Driver/stm32c0xx_hal_uart.o
                0x08006ab0                HAL_UART_MspInit
 .text.HAL_UART_Transmit
                0x08006ac0      0x148 ./Drivers/STM32C0xx_HAL_Driver/stm32c0xx_hal_uart.o
                0x08006ac0                HAL_UART_Transmit
 .text.HAL_UART_Receive
                0x08006c08      0x1cc ./Drivers/STM32C0xx_HAL_Driver/stm32c0xx_hal_uart.o
                0x08006c08                HAL_UART_Receive
 .text.UART_SetConfig
                0x08006dd4      0x32c ./Drivers/STM32C0xx_HAL_Driver/stm32c0xx_hal_uart.o
                0x08006dd4                UART_SetConfig
 .text.UART_AdvFeatureConfig
                0x08007100      0x168 ./Drivers/STM32C0xx_HAL_Driver/stm32c0xx_hal_uart.o
                0x08007100                UART_AdvFeatureConfig
 .text.UART_CheckIdleState
                0x08007268      0x154 ./Drivers/STM32C0xx_HAL_Driver/stm32c0xx_hal_uart.o
                0x08007268                UART_CheckIdleState
 .text.UART_WaitOnFlagUntilTimeout
                0x080073bc       0xde ./Drivers/STM32C0xx_HAL_Driver/stm32c0xx_hal_uart.o
                0x080073bc                UART_WaitOnFlagUntilTimeout
 *fill*         0x0800749a        0x2 
 .text.UART_EndRxTransfer
                0x0800749c       0xcc ./Drivers/STM32C0xx_HAL_Driver/stm32c0xx_hal_uart.o
 .text.snprintf
                0x08007568       0x68 C:/ST/STM32CubeIDE_2.1.1/STM32CubeIDE/plugins/com.st.stm32cube.ide.mcu.externaltools.gnu-tools-for-stm32.14.3.rel1.win32_1.0.100.202602081740/tools/bin/../lib/gcc/arm-none-eabi/14.3.1/../../../../arm-none-eabi/lib/thumb/v6-m/nofp\libc_nano.a(libc_a-snprintf.o)
                0x08007568                sniprintf
                0x08007568                snprintf
 .text.memset   0x080075d0       0x10 C:/ST/STM32CubeIDE_2.1.1/STM32CubeIDE/plugins/com.st.stm32cube.ide.mcu.externaltools.gnu-tools-for-stm32.14.3.rel1.win32_1.0.100.202602081740/tools/bin/../lib/gcc/arm-none-eabi/14.3.1/../../../../arm-none-eabi/lib/thumb/v6-m/nofp\libc_nano.a(libc_a-memset.o)
                0x080075d0                memset
 .text.__errno  0x080075e0        0xc C:/ST/STM32CubeIDE_2.1.1/STM32CubeIDE/plugins/com.st.stm32cube.ide.mcu.externaltools.gnu-tools-for-stm32.14.3.rel1.win32_1.0.100.202602081740/tools/bin/../lib/gcc/arm-none-eabi/14.3.1/../../../../arm-none-eabi/lib/thumb/v6-m/nofp\libc_nano.a(libc_a-errno.o)
                0x080075e0                __errno
 .text.__libc_init_array
                0x080075ec       0x48 C:/ST/STM32CubeIDE_2.1.1/STM32CubeIDE/plugins/com.st.stm32cube.ide.mcu.externaltools.gnu-tools-for-stm32.14.3.rel1.win32_1.0.100.202602081740/tools/bin/../lib/gcc/arm-none-eabi/14.3.1/../../../../arm-none-eabi/lib/thumb/v6-m/nofp\libc_nano.a(libc_a-init.o)
                0x080075ec                __libc_init_array
 .text.__retarget_lock_acquire_recursive
                0x08007634        0x2 C:/ST/STM32CubeIDE_2.1.1/STM32CubeIDE/plugins/com.st.stm32cube.ide.mcu.externaltools.gnu-tools-for-stm32.14.3.rel1.win32_1.0.100.202602081740/tools/bin/../lib/gcc/arm-none-eabi/14.3.1/../../../../arm-none-eabi/lib/thumb/v6-m/nofp\libc_nano.a(libc_a-lock.o)
                0x08007634                __retarget_lock_acquire_recursive
 .text.__retarget_lock_release_recursive
                0x08007636        0x2 C:/ST/STM32CubeIDE_2.1.1/STM32CubeIDE/plugins/com.st.stm32cube.ide.mcu.externaltools.gnu-tools-for-stm32.14.3.rel1.win32_1.0.100.202602081740/tools/bin/../lib/gcc/arm-none-eabi/14.3.1/../../../../arm-none-eabi/lib/thumb/v6-m/nofp\libc_nano.a(libc_a-lock.o)
                0x08007636                __retarget_lock_release_recursive
 .text._free_r  0x08007638       0x94 C:/ST/STM32CubeIDE_2.1.1/STM32CubeIDE/plugins/com.st.stm32cube.ide.mcu.externaltools.gnu-tools-for-stm32.14.3.rel1.win32_1.0.100.202602081740/tools/bin/../lib/gcc/arm-none-eabi/14.3.1/../../../../arm-none-eabi/lib/thumb/v6-m/nofp\libc_nano.a(libc_a-freer.o)
                0x08007638                _free_r
 .text.sbrk_aligned
                0x080076cc       0x44 C:/ST/STM32CubeIDE_2.1.1/STM32CubeIDE/plugins/com.st.stm32cube.ide.mcu.externaltools.gnu-tools-for-stm32.14.3.rel1.win32_1.0.100.202602081740/tools/bin/../lib/gcc/arm-none-eabi/14.3.1/../../../../arm-none-eabi/lib/thumb/v6-m/nofp\libc_nano.a(libc_a-mallocr.o)
 .text._malloc_r
                0x08007710      0x100 C:/ST/STM32CubeIDE_2.1.1/STM32CubeIDE/plugins/com.st.stm32cube.ide.mcu.externaltools.gnu-tools-for-stm32.14.3.rel1.win32_1.0.100.202602081740/tools/bin/../lib/gcc/arm-none-eabi/14.3.1/../../../../arm-none-eabi/lib/thumb/v6-m/nofp\libc_nano.a(libc_a-mallocr.o)
                0x08007710                _malloc_r
 .text.__malloc_lock
                0x08007810       0x10 C:/ST/STM32CubeIDE_2.1.1/STM32CubeIDE/plugins/com.st.stm32cube.ide.mcu.externaltools.gnu-tools-for-stm32.14.3.rel1.win32_1.0.100.202602081740/tools/bin/../lib/gcc/arm-none-eabi/14.3.1/../../../../arm-none-eabi/lib/thumb/v6-m/nofp\libc_nano.a(libc_a-mlock.o)
                0x08007810                __malloc_lock
 .text.__malloc_unlock
                0x08007820       0x10 C:/ST/STM32CubeIDE_2.1.1/STM32CubeIDE/plugins/com.st.stm32cube.ide.mcu.externaltools.gnu-tools-for-stm32.14.3.rel1.win32_1.0.100.202602081740/tools/bin/../lib/gcc/arm-none-eabi/14.3.1/../../../../arm-none-eabi/lib/thumb/v6-m/nofp\libc_nano.a(libc_a-mlock.o)
                0x08007820                __malloc_unlock
 .text.__ssputs_r
                0x08007830       0xc8 C:/ST/STM32CubeIDE_2.1.1/STM32CubeIDE/plugins/com.st.stm32cube.ide.mcu.externaltools.gnu-tools-for-stm32.14.3.rel1.win32_1.0.100.202602081740/tools/bin/../lib/gcc/arm-none-eabi/14.3.1/../../../../arm-none-eabi/lib/thumb/v6-m/nofp\libc_nano.a(libc_a-nano-svfprintf.o)
                0x08007830                __ssputs_r
 .text._svfprintf_r
                0x080078f8      0x1f4 C:/ST/STM32CubeIDE_2.1.1/STM32CubeIDE/plugins/com.st.stm32cube.ide.mcu.externaltools.gnu-tools-for-stm32.14.3.rel1.win32_1.0.100.202602081740/tools/bin/../lib/gcc/arm-none-eabi/14.3.1/../../../../arm-none-eabi/lib/thumb/v6-m/nofp\libc_nano.a(libc_a-nano-svfprintf.o)
                0x080078f8                _svfiprintf_r
                0x080078f8                _svfprintf_r
 .text._printf_common
                0x08007aec       0xde C:/ST/STM32CubeIDE_2.1.1/STM32CubeIDE/plugins/com.st.stm32cube.ide.mcu.externaltools.gnu-tools-for-stm32.14.3.rel1.win32_1.0.100.202602081740/tools/bin/../lib/gcc/arm-none-eabi/14.3.1/../../../../arm-none-eabi/lib/thumb/v6-m/nofp\libc_nano.a(libc_a-nano-vfprintf_i.o)
                0x08007aec                _printf_common
 *fill*         0x08007bca        0x2 
 .text._printf_i
                0x08007bcc      0x218 C:/ST/STM32CubeIDE_2.1.1/STM32CubeIDE/plugins/com.st.stm32cube.ide.mcu.externaltools.gnu-tools-for-stm32.14.3.rel1.win32_1.0.100.202602081740/tools/bin/../lib/gcc/arm-none-eabi/14.3.1/../../../../arm-none-eabi/lib/thumb/v6-m/nofp\libc_nano.a(libc_a-nano-vfprintf_i.o)
                0x08007bcc                _printf_i
 .text.memmove  0x08007de4       0x24 C:/ST/STM32CubeIDE_2.1.1/STM32CubeIDE/plugins/com.st.stm32cube.ide.mcu.externaltools.gnu-tools-for-stm32.14.3.rel1.win32_1.0.100.202602081740/tools/bin/../lib/gcc/arm-none-eabi/14.3.1/../../../../arm-none-eabi/lib/thumb/v6-m/nofp\libc_nano.a(libc_a-memmove.o)
                0x08007de4                memmove
 .text._sbrk_r  0x08007e08       0x24 C:/ST/STM32CubeIDE_2.1.1/STM32CubeIDE/plugins/com.st.stm32cube.ide.mcu.externaltools.gnu-tools-for-stm32.14.3.rel1.win32_1.0.100.202602081740/tools/bin/../lib/gcc/arm-none-eabi/14.3.1/../../../../arm-none-eabi/lib/thumb/v6-m/nofp\libc_nano.a(libc_a-sbrkr.o)
                0x08007e08                _sbrk_r
 .text.memchr   0x08007e2c       0x16 C:/ST/STM32CubeIDE_2.1.1/STM32CubeIDE/plugins/com.st.stm32cube.ide.mcu.externaltools.gnu-tools-for-stm32.14.3.rel1.win32_1.0.100.202602081740/tools/bin/../lib/gcc/arm-none-eabi/14.3.1/../../../../arm-none-eabi/lib/thumb/v6-m/nofp\libc_nano.a(libc_a-memchr-stub.o)
                0x08007e2c                memchr
 .text.memcpy   0x08007e42       0x12 C:/ST/STM32CubeIDE_2.1.1/STM32CubeIDE/plugins/com.st.stm32cube.ide.mcu.externaltools.gnu-tools-for-stm32.14.3.rel1.win32_1.0.100.202602081740/tools/bin/../lib/gcc/arm-none-eabi/14.3.1/../../../../arm-none-eabi/lib/thumb/v6-m/nofp\libc_nano.a(libc_a-memcpy-stub.o)
                0x08007e42                memcpy
 .text._realloc_r
                0x08007e54       0x60 C:/ST/STM32CubeIDE_2.1.1/STM32CubeIDE/plugins/com.st.stm32cube.ide.mcu.externaltools.gnu-tools-for-stm32.14.3.rel1.win32_1.0.100.202602081740/tools/bin/../lib/gcc/arm-none-eabi/14.3.1/../../../../arm-none-eabi/lib/thumb/v6-m/nofp\libc_nano.a(libc_a-reallocr.o)
                0x08007e54                _realloc_r
 .text._malloc_usable_size_r
                0x08007eb4       0x10 C:/ST/STM32CubeIDE_2.1.1/STM32CubeIDE/plugins/com.st.stm32cube.ide.mcu.externaltools.gnu-tools-for-stm32.14.3.rel1.win32_1.0.100.202602081740/tools/bin/../lib/gcc/arm-none-eabi/14.3.1/../../../../arm-none-eabi/lib/thumb/v6-m/nofp\libc_nano.a(libc_a-msizer.o)
                0x08007eb4                _malloc_usable_size_r
 *(.glue_7)
 .glue_7        0x08007ec4        0x0 linker stubs
 *(.glue_7t)
 .glue_7t       0x08007ec4        0x0 linker stubs
 *(.eh_frame)
 .eh_frame      0x08007ec4        0x0 C:/ST/STM32CubeIDE_2.1.1/STM32CubeIDE/plugins/com.st.stm32cube.ide.mcu.externaltools.gnu-tools-for-stm32.14.3.rel1.win32_1.0.100.202602081740/tools/bin/../lib/gcc/arm-none-eabi/14.3.1/thumb/v6-m/nofp/crtbegin.o
 *(.init)
 .init          0x08007ec4        0x4 C:/ST/STM32CubeIDE_2.1.1/STM32CubeIDE/plugins/com.st.stm32cube.ide.mcu.externaltools.gnu-tools-for-stm32.14.3.rel1.win32_1.0.100.202602081740/tools/bin/../lib/gcc/arm-none-eabi/14.3.1/thumb/v6-m/nofp/crti.o
                0x08007ec4                _init
 .init          0x08007ec8        0x8 C:/ST/STM32CubeIDE_2.1.1/STM32CubeIDE/plugins/com.st.stm32cube.ide.mcu.externaltools.gnu-tools-for-stm32.14.3.rel1.win32_1.0.100.202602081740/tools/bin/../lib/gcc/arm-none-eabi/14.3.1/thumb/v6-m/nofp/crtn.o
 *(.fini)
 .fini          0x08007ed0        0x4 C:/ST/STM32CubeIDE_2.1.1/STM32CubeIDE/plugins/com.st.stm32cube.ide.mcu.externaltools.gnu-tools-for-stm32.14.3.rel1.win32_1.0.100.202602081740/tools/bin/../lib/gcc/arm-none-eabi/14.3.1/thumb/v6-m/nofp/crti.o
                0x08007ed0                _fini
 .fini          0x08007ed4        0x8 C:/ST/STM32CubeIDE_2.1.1/STM32CubeIDE/plugins/com.st.stm32cube.ide.mcu.externaltools.gnu-tools-for-stm32.14.3.rel1.win32_1.0.100.202602081740/tools/bin/../lib/gcc/arm-none-eabi/14.3.1/thumb/v6-m/nofp/crtn.o
                0x08007edc                        . = ALIGN (0x4)
                0x08007edc                        _etext = .

.vfp11_veneer   0x08007edc        0x0
 .vfp11_veneer  0x08007edc        0x0 linker stubs

.v4_bx          0x08007edc        0x0
 .v4_bx         0x08007edc        0x0 linker stubs

.iplt           0x08007edc        0x0
 .iplt          0x08007edc        0x0 C:/ST/STM32CubeIDE_2.1.1/STM32CubeIDE/plugins/com.st.stm32cube.ide.mcu.externaltools.gnu-tools-for-stm32.14.3.rel1.win32_1.0.100.202602081740/tools/bin/../lib/gcc/arm-none-eabi/14.3.1/thumb/v6-m/nofp/crtbegin.o

.rodata         0x08007edc      0x2c0
                0x08007edc                        . = ALIGN (0x4)
 *(.rodata)
 .rodata        0x08007edc      0x197 ./Application/User/main.o
 *(.rodata*)
 *fill*         0x08008073        0x1 
 .rodata.txData
                0x08008074       0x10 ./Application/User/main.o
 .rodata.LED_PIN
                0x08008084        0x4 ./Drivers/BSP/STM32C0xx_Nucleo/stm32c0xx_nucleo.o
 .rodata.BUTTON_EXTI_LINE.2
                0x08008088        0x4 ./Drivers/BSP/STM32C0xx_Nucleo/stm32c0xx_nucleo.o
 .rodata.AHBPrescTable
                0x0800808c       0x40 ./Drivers/CMSIS/system_stm32c0xx.o
                0x0800808c                AHBPrescTable
 .rodata.APBPrescTable
                0x080080cc       0x20 ./Drivers/CMSIS/system_stm32c0xx.o
                0x080080cc                APBPrescTable
 .rodata.DLCtoBytes
                0x080080ec       0x10 ./Drivers/STM32C0xx_HAL_Driver/stm32c0xx_hal_fdcan.o
 .rodata.HAL_TIM_PWM_ConfigChannel
                0x080080fc       0x54 ./Drivers/STM32C0xx_HAL_Driver/stm32c0xx_hal_tim.o
 .rodata.UARTPrescTable
                0x08008150       0x18 ./Drivers/STM32C0xx_HAL_Driver/stm32c0xx_hal_uart.o
                0x08008150                UARTPrescTable
 .rodata._svfprintf_r.str1.1
                0x08008168       0x33 C:/ST/STM32CubeIDE_2.1.1/STM32CubeIDE/plugins/com.st.stm32cube.ide.mcu.externaltools.gnu-tools-for-stm32.14.3.rel1.win32_1.0.100.202602081740/tools/bin/../lib/gcc/arm-none-eabi/14.3.1/../../../../arm-none-eabi/lib/thumb/v6-m/nofp\libc_nano.a(libc_a-nano-svfprintf.o)
                                 0x11 (size before relaxing)
 .rodata._printf_i.str1.1
                0x0800819b       0x22 C:/ST/STM32CubeIDE_2.1.1/STM32CubeIDE/plugins/com.st.stm32cube.ide.mcu.externaltools.gnu-tools-for-stm32.14.3.rel1.win32_1.0.100.202602081740/tools/bin/../lib/gcc/arm-none-eabi/14.3.1/../../../../arm-none-eabi/lib/thumb/v6-m/nofp\libc_nano.a(libc_a-nano-vfprintf_i.o)
                0x080081c0                        . = ALIGN (0x4)
 *fill*         0x0800819b        0x1 

.ARM.extab      0x0800819c        0x0
                0x0800819c                        . = ALIGN (0x4)
 *(.ARM.extab* .gnu.linkonce.armextab.*)
                0x0800819c                        . = ALIGN (0x4)

.ARM            0x0800819c        0x0
                0x0800819c                        . = ALIGN (0x4)
                0x0800819c                        __exidx_start = .
 *(.ARM.exidx*)
                0x0800819c                        __exidx_end = .
                0x0800819c                        . = ALIGN (0x4)

.preinit_array  0x0800819c        0x0
                0x0800819c                        . = ALIGN (0x4)
                0x0800819c                        PROVIDE (__preinit_array_start = .)
 *(.preinit_array*)
                0x0800819c                        PROVIDE (__preinit_array_end = .)
                0x0800819c                        . = ALIGN (0x4)

.init_array     0x0800819c        0x4
                0x0800819c                        . = ALIGN (0x4)
                0x0800819c                        PROVIDE (__init_array_start = .)
 *(SORT_BY_NAME(.init_array.*))
 *(.init_array*)
 .init_array    0x0800819c        0x4 C:/ST/STM32CubeIDE_2.1.1/STM32CubeIDE/plugins/com.st.stm32cube.ide.mcu.externaltools.gnu-tools-for-stm32.14.3.rel1.win32_1.0.100.202602081740/tools/bin/../lib/gcc/arm-none-eabi/14.3.1/thumb/v6-m/nofp/crtbegin.o
                0x080081a0                        PROVIDE (__init_array_end = .)
                0x080081a0                        . = ALIGN (0x4)

.fini_array     0x080081a0        0x4
                0x080081a0                        . = ALIGN (0x4)
                [!provide]                        PROVIDE (__fini_array_start = .)
 *(SORT_BY_NAME(.fini_array.*))
 *(.fini_array*)
 .fini_array    0x080081a0        0x4 C:/ST/STM32CubeIDE_2.1.1/STM32CubeIDE/plugins/com.st.stm32cube.ide.mcu.externaltools.gnu-tools-for-stm32.14.3.rel1.win32_1.0.100.202602081740/tools/bin/../lib/gcc/arm-none-eabi/14.3.1/thumb/v6-m/nofp/crtbegin.o
                [!provide]                        PROVIDE (__fini_array_end = .)
                0x080081a4                        . = ALIGN (0x4)
                0x080081a4                        _sidata = LOADADDR (.data)

.rel.dyn        0x080081a4        0x0
 .rel.iplt      0x080081a4        0x0 C:/ST/STM32CubeIDE_2.1.1/STM32CubeIDE/plugins/com.st.stm32cube.ide.mcu.externaltools.gnu-tools-for-stm32.14.3.rel1.win32_1.0.100.202602081740/tools/bin/../lib/gcc/arm-none-eabi/14.3.1/thumb/v6-m/nofp/crtbegin.o

.data           0x20000000       0x74 load address 0x080081a4
                0x20000000                        . = ALIGN (0x4)
                0x20000000                        _sdata = .
 *(.data)
 *(.data*)
 .data.COM_USART
                0x20000000        0x4 ./Drivers/BSP/STM32C0xx_Nucleo/stm32c0xx_nucleo.o
                0x20000000                COM_USART
 .data.LED_PORT
                0x20000004        0x8 ./Drivers/BSP/STM32C0xx_Nucleo/stm32c0xx_nucleo.o
 .data.BUTTON_PORT
                0x2000000c        0x4 ./Drivers/BSP/STM32C0xx_Nucleo/stm32c0xx_nucleo.o
 .data.ButtonCallback.1
                0x20000010        0x4 ./Drivers/BSP/STM32C0xx_Nucleo/stm32c0xx_nucleo.o
 .data.BSP_BUTTON_PRIO.0
                0x20000014        0x4 ./Drivers/BSP/STM32C0xx_Nucleo/stm32c0xx_nucleo.o
 .data.SystemCoreClock
                0x20000018        0x4 ./Drivers/CMSIS/system_stm32c0xx.o
                0x20000018                SystemCoreClock
 .data.uwTickPrio
                0x2000001c        0x4 ./Drivers/STM32C0xx_HAL_Driver/stm32c0xx_hal.o
                0x2000001c                uwTickPrio
 .data.uwTickFreq
                0x20000020        0x1 ./Drivers/STM32C0xx_HAL_Driver/stm32c0xx_hal.o
                0x20000020                uwTickFreq
 *fill*         0x20000021        0x3 
 .data._impure_ptr
                0x20000024        0x4 C:/ST/STM32CubeIDE_2.1.1/STM32CubeIDE/plugins/com.st.stm32cube.ide.mcu.externaltools.gnu-tools-for-stm32.14.3.rel1.win32_1.0.100.202602081740/tools/bin/../lib/gcc/arm-none-eabi/14.3.1/../../../../arm-none-eabi/lib/thumb/v6-m/nofp\libc_nano.a(libc_a-impure.o)
                0x20000024                _impure_ptr
 .data._impure_data
                0x20000028       0x4c C:/ST/STM32CubeIDE_2.1.1/STM32CubeIDE/plugins/com.st.stm32cube.ide.mcu.externaltools.gnu-tools-for-stm32.14.3.rel1.win32_1.0.100.202602081740/tools/bin/../lib/gcc/arm-none-eabi/14.3.1/../../../../arm-none-eabi/lib/thumb/v6-m/nofp\libc_nano.a(libc_a-impure.o)
                0x20000028                _impure_data
 *(.RamFunc)
 *(.RamFunc*)
                0x20000074                        . = ALIGN (0x4)
                0x20000074                        _edata = .

.igot.plt       0x20000074        0x0 load address 0x08008218
 .igot.plt      0x20000074        0x0 C:/ST/STM32CubeIDE_2.1.1/STM32CubeIDE/plugins/com.st.stm32cube.ide.mcu.externaltools.gnu-tools-for-stm32.14.3.rel1.win32_1.0.100.202602081740/tools/bin/../lib/gcc/arm-none-eabi/14.3.1/thumb/v6-m/nofp/crtbegin.o
                0x20000074                        . = ALIGN (0x4)

.bss            0x20000074     0x108c load address 0x08008218
                0x20000074                        _sbss = .
                0x20000074                        __bss_start__ = _sbss
 *(.bss)
 .bss           0x20000074       0x1c C:/ST/STM32CubeIDE_2.1.1/STM32CubeIDE/plugins/com.st.stm32cube.ide.mcu.externaltools.gnu-tools-for-stm32.14.3.rel1.win32_1.0.100.202602081740/tools/bin/../lib/gcc/arm-none-eabi/14.3.1/thumb/v6-m/nofp/crtbegin.o
 *(.bss*)
 .bss.BspCOMInit
                0x20000090       0x10 ./Application/User/main.o
                0x20000090                BspCOMInit
 .bss.hadc1     0x200000a0       0x64 ./Application/User/main.o
                0x200000a0                hadc1
 .bss.hfdcan1   0x20000104       0x64 ./Application/User/main.o
                0x20000104                hfdcan1
 .bss.hi2c2     0x20000168       0x54 ./Application/User/main.o
                0x20000168                hi2c2
 .bss.htim1     0x200001bc       0x4c ./Application/User/main.o
                0x200001bc                htim1
 .bss.htim2     0x20000208       0x4c ./Application/User/main.o
                0x20000208                htim2
 .bss.txHeader  0x20000254       0x24 ./Application/User/main.o
                0x20000254                txHeader
 .bss.state     0x20000278        0x1 ./Application/User/main.o
                0x20000278                state
 *fill*         0x20000279        0x3 
 .bss.latest_position
                0x2000027c        0x4 ./Application/User/main.o
                0x2000027c                latest_position
 .bss.motor_killed
                0x20000280        0x1 ./Application/User/main.o
                0x20000280                motor_killed
 *fill*         0x20000281        0x3 
 .bss.measured_current_array
                0x20000284      0x320 ./Application/User/main.o
                0x20000284                measured_current_array
 .bss.desired_current_array
                0x200005a4      0x320 ./Application/User/main.o
                0x200005a4                desired_current_array
 .bss.samples_collected
                0x200008c4        0x4 ./Application/User/main.o
                0x200008c4                samples_collected
 .bss.position_array
                0x200008c8      0x640 ./Application/User/main.o
                0x200008c8                position_array
 .bss.counter.1
                0x20000f08        0x4 ./Application/User/main.o
 .bss.eint.0    0x20000f0c        0x4 ./Application/User/main.o
 .bss.__sbrk_heap_end
                0x20000f10        0x4 ./Application/User/sysmem.o
 .bss.hpb_exti  0x20000f14        0xc ./Drivers/BSP/STM32C0xx_Nucleo/stm32c0xx_nucleo.o
                0x20000f14                hpb_exti
 .bss.hcom_uart
                0x20000f20       0x94 ./Drivers/BSP/STM32C0xx_Nucleo/stm32c0xx_nucleo.o
                0x20000f20                hcom_uart
 .bss.uwTick    0x20000fb4        0x4 ./Drivers/STM32C0xx_HAL_Driver/stm32c0xx_hal.o
                0x20000fb4                uwTick
 .bss.__sf      0x20000fb8      0x138 C:/ST/STM32CubeIDE_2.1.1/STM32CubeIDE/plugins/com.st.stm32cube.ide.mcu.externaltools.gnu-tools-for-stm32.14.3.rel1.win32_1.0.100.202602081740/tools/bin/../lib/gcc/arm-none-eabi/14.3.1/../../../../arm-none-eabi/lib/thumb/v6-m/nofp\libc_nano.a(libc_a-findfp.o)
                0x20000fb8                __sf
 .bss.errno     0x200010f0        0x4 C:/ST/STM32CubeIDE_2.1.1/STM32CubeIDE/plugins/com.st.stm32cube.ide.mcu.externaltools.gnu-tools-for-stm32.14.3.rel1.win32_1.0.100.202602081740/tools/bin/../lib/gcc/arm-none-eabi/14.3.1/../../../../arm-none-eabi/lib/thumb/v6-m/nofp\libc_nano.a(libc_a-reent.o)
                0x200010f0                errno
 .bss.__lock___malloc_recursive_mutex
                0x200010f4        0x1 C:/ST/STM32CubeIDE_2.1.1/STM32CubeIDE/plugins/com.st.stm32cube.ide.mcu.externaltools.gnu-tools-for-stm32.14.3.rel1.win32_1.0.100.202602081740/tools/bin/../lib/gcc/arm-none-eabi/14.3.1/../../../../arm-none-eabi/lib/thumb/v6-m/nofp\libc_nano.a(libc_a-lock.o)
                0x200010f4                __lock___malloc_recursive_mutex
 *fill*         0x200010f5        0x3 
 .bss.__malloc_sbrk_start
                0x200010f8        0x4 C:/ST/STM32CubeIDE_2.1.1/STM32CubeIDE/plugins/com.st.stm32cube.ide.mcu.externaltools.gnu-tools-for-stm32.14.3.rel1.win32_1.0.100.202602081740/tools/bin/../lib/gcc/arm-none-eabi/14.3.1/../../../../arm-none-eabi/lib/thumb/v6-m/nofp\libc_nano.a(libc_a-mallocr.o)
                0x200010f8                __malloc_sbrk_start
 .bss.__malloc_free_list
                0x200010fc        0x4 C:/ST/STM32CubeIDE_2.1.1/STM32CubeIDE/plugins/com.st.stm32cube.ide.mcu.externaltools.gnu-tools-for-stm32.14.3.rel1.win32_1.0.100.202602081740/tools/bin/../lib/gcc/arm-none-eabi/14.3.1/../../../../arm-none-eabi/lib/thumb/v6-m/nofp\libc_nano.a(libc_a-mallocr.o)
                0x200010fc                __malloc_free_list
 *(COMMON)
                0x20001100                        . = ALIGN (0x4)
                0x20001100                        _ebss = .
                0x20001100                        __bss_end__ = _ebss

._user_heap_stack
                0x20001100      0x600 load address 0x08008218
                0x20001100                        . = ALIGN (0x8)
                [!provide]                        PROVIDE (end = .)
                0x20001100                        PROVIDE (_end = .)
                0x20001300                        . = (. + _Min_Heap_Size)
 *fill*         0x20001100      0x200 
                0x20001700                        . = (. + _Min_Stack_Size)
 *fill*         0x20001300      0x400 
                0x20001700                        . = ALIGN (0x8)

/DISCARD/
 libc.a(*)
 libm.a(*)
 libgcc.a(*)

.ARM.attributes
                0x00000000       0x28
 *(.ARM.attributes)
 .ARM.attributes
                0x00000000       0x1e C:/ST/STM32CubeIDE_2.1.1/STM32CubeIDE/plugins/com.st.stm32cube.ide.mcu.externaltools.gnu-tools-for-stm32.14.3.rel1.win32_1.0.100.202602081740/tools/bin/../lib/gcc/arm-none-eabi/14.3.1/thumb/v6-m/nofp/crti.o
 .ARM.attributes
                0x0000001e       0x2c C:/ST/STM32CubeIDE_2.1.1/STM32CubeIDE/plugins/com.st.stm32cube.ide.mcu.externaltools.gnu-tools-for-stm32.14.3.rel1.win32_1.0.100.202602081740/tools/bin/../lib/gcc/arm-none-eabi/14.3.1/thumb/v6-m/nofp/crtbegin.o
 .ARM.attributes
                0x0000004a       0x22 ./Application/Startup/startup_stm32c092rctx.o
 .ARM.attributes
                0x0000006c       0x2c ./Application/User/main.o
 .ARM.attributes
                0x00000098       0x2c ./Application/User/stm32c0xx_hal_msp.o
 .ARM.attributes
                0x000000c4       0x2c ./Application/User/stm32c0xx_it.o
 .ARM.attributes
                0x000000f0       0x2c ./Application/User/sysmem.o
 .ARM.attributes
                0x0000011c       0x2c ./Drivers/BSP/STM32C0xx_Nucleo/stm32c0xx_nucleo.o
 .ARM.attributes
                0x00000148       0x2c ./Drivers/CMSIS/system_stm32c0xx.o
 .ARM.attributes
                0x00000174       0x2c ./Drivers/STM32C0xx_HAL_Driver/stm32c0xx_hal.o
 .ARM.attributes
                0x000001a0       0x2c ./Drivers/STM32C0xx_HAL_Driver/stm32c0xx_hal_adc.o
 .ARM.attributes
                0x000001cc       0x2c ./Drivers/STM32C0xx_HAL_Driver/stm32c0xx_hal_cortex.o
 .ARM.attributes
                0x000001f8       0x2c ./Drivers/STM32C0xx_HAL_Driver/stm32c0xx_hal_exti.o
 .ARM.attributes
                0x00000224       0x2c ./Drivers/STM32C0xx_HAL_Driver/stm32c0xx_hal_fdcan.o
 .ARM.attributes
                0x00000250       0x2c ./Drivers/STM32C0xx_HAL_Driver/stm32c0xx_hal_gpio.o
 .ARM.attributes
                0x0000027c       0x2c ./Drivers/STM32C0xx_HAL_Driver/stm32c0xx_hal_i2c.o
 .ARM.attributes
                0x000002a8       0x2c ./Drivers/STM32C0xx_HAL_Driver/stm32c0xx_hal_i2c_ex.o
 .ARM.attributes
                0x000002d4       0x2c ./Drivers/STM32C0xx_HAL_Driver/stm32c0xx_hal_rcc.o
 .ARM.attributes
                0x00000300       0x2c ./Drivers/STM32C0xx_HAL_Driver/stm32c0xx_hal_rcc_ex.o
 .ARM.attributes
                0x0000032c       0x2c ./Drivers/STM32C0xx_HAL_Driver/stm32c0xx_hal_tim.o
 .ARM.attributes
                0x00000358       0x2c ./Drivers/STM32C0xx_HAL_Driver/stm32c0xx_hal_tim_ex.o
 .ARM.attributes
                0x00000384       0x2c ./Drivers/STM32C0xx_HAL_Driver/stm32c0xx_hal_uart.o
 .ARM.attributes
                0x000003b0       0x2c C:/ST/STM32CubeIDE_2.1.1/STM32CubeIDE/plugins/com.st.stm32cube.ide.mcu.externaltools.gnu-tools-for-stm32.14.3.rel1.win32_1.0.100.202602081740/tools/bin/../lib/gcc/arm-none-eabi/14.3.1/../../../../arm-none-eabi/lib/thumb/v6-m/nofp\libc_nano.a(libc_a-findfp.o)
 .ARM.attributes
                0x000003dc       0x2c C:/ST/STM32CubeIDE_2.1.1/STM32CubeIDE/plugins/com.st.stm32cube.ide.mcu.externaltools.gnu-tools-for-stm32.14.3.rel1.win32_1.0.100.202602081740/tools/bin/../lib/gcc/arm-none-eabi/14.3.1/../../../../arm-none-eabi/lib/thumb/v6-m/nofp\libc_nano.a(libc_a-snprintf.o)
 .ARM.attributes
                0x00000408       0x2c C:/ST/STM32CubeIDE_2.1.1/STM32CubeIDE/plugins/com.st.stm32cube.ide.mcu.externaltools.gnu-tools-for-stm32.14.3.rel1.win32_1.0.100.202602081740/tools/bin/../lib/gcc/arm-none-eabi/14.3.1/../../../../arm-none-eabi/lib/thumb/v6-m/nofp\libc_nano.a(libc_a-memset.o)
 .ARM.attributes
                0x00000434       0x2c C:/ST/STM32CubeIDE_2.1.1/STM32CubeIDE/plugins/com.st.stm32cube.ide.mcu.externaltools.gnu-tools-for-stm32.14.3.rel1.win32_1.0.100.202602081740/tools/bin/../lib/gcc/arm-none-eabi/14.3.1/../../../../arm-none-eabi/lib/thumb/v6-m/nofp\libc_nano.a(libc_a-reent.o)
 .ARM.attributes
                0x00000460       0x2c C:/ST/STM32CubeIDE_2.1.1/STM32CubeIDE/plugins/com.st.stm32cube.ide.mcu.externaltools.gnu-tools-for-stm32.14.3.rel1.win32_1.0.100.202602081740/tools/bin/../lib/gcc/arm-none-eabi/14.3.1/../../../../arm-none-eabi/lib/thumb/v6-m/nofp\libc_nano.a(libc_a-impure.o)
 .ARM.attributes
                0x0000048c       0x2c C:/ST/STM32CubeIDE_2.1.1/STM32CubeIDE/plugins/com.st.stm32cube.ide.mcu.externaltools.gnu-tools-for-stm32.14.3.rel1.win32_1.0.100.202602081740/tools/bin/../lib/gcc/arm-none-eabi/14.3.1/../../../../arm-none-eabi/lib/thumb/v6-m/nofp\libc_nano.a(libc_a-errno.o)
 .ARM.attributes
                0x000004b8       0x2c C:/ST/STM32CubeIDE_2.1.1/STM32CubeIDE/plugins/com.st.stm32cube.ide.mcu.externaltools.gnu-tools-for-stm32.14.3.rel1.win32_1.0.100.202602081740/tools/bin/../lib/gcc/arm-none-eabi/14.3.1/../../../../arm-none-eabi/lib/thumb/v6-m/nofp\libc_nano.a(libc_a-init.o)
 .ARM.attributes
                0x000004e4       0x2c C:/ST/STM32CubeIDE_2.1.1/STM32CubeIDE/plugins/com.st.stm32cube.ide.mcu.externaltools.gnu-tools-for-stm32.14.3.rel1.win32_1.0.100.202602081740/tools/bin/../lib/gcc/arm-none-eabi/14.3.1/../../../../arm-none-eabi/lib/thumb/v6-m/nofp\libc_nano.a(libc_a-lock.o)
 .ARM.attributes
                0x00000510       0x1c C:/ST/STM32CubeIDE_2.1.1/STM32CubeIDE/plugins/com.st.stm32cube.ide.mcu.externaltools.gnu-tools-for-stm32.14.3.rel1.win32_1.0.100.202602081740/tools/bin/../lib/gcc/arm-none-eabi/14.3.1/../../../../arm-none-eabi/lib/thumb/v6-m/nofp\libc_nano.a(libc_a-strlen.o)
 .ARM.attributes
                0x0000052c       0x2c C:/ST/STM32CubeIDE_2.1.1/STM32CubeIDE/plugins/com.st.stm32cube.ide.mcu.externaltools.gnu-tools-for-stm32.14.3.rel1.win32_1.0.100.202602081740/tools/bin/../lib/gcc/arm-none-eabi/14.3.1/../../../../arm-none-eabi/lib/thumb/v6-m/nofp\libc_nano.a(libc_a-freer.o)
 .ARM.attributes
                0x00000558       0x2c C:/ST/STM32CubeIDE_2.1.1/STM32CubeIDE/plugins/com.st.stm32cube.ide.mcu.externaltools.gnu-tools-for-stm32.14.3.rel1.win32_1.0.100.202602081740/tools/bin/../lib/gcc/arm-none-eabi/14.3.1/../../../../arm-none-eabi/lib/thumb/v6-m/nofp\libc_nano.a(libc_a-mallocr.o)
 .ARM.attributes
                0x00000584       0x2c C:/ST/STM32CubeIDE_2.1.1/STM32CubeIDE/plugins/com.st.stm32cube.ide.mcu.externaltools.gnu-tools-for-stm32.14.3.rel1.win32_1.0.100.202602081740/tools/bin/../lib/gcc/arm-none-eabi/14.3.1/../../../../arm-none-eabi/lib/thumb/v6-m/nofp\libc_nano.a(libc_a-mlock.o)
 .ARM.attributes
                0x000005b0       0x2c C:/ST/STM32CubeIDE_2.1.1/STM32CubeIDE/plugins/com.st.stm32cube.ide.mcu.externaltools.gnu-tools-for-stm32.14.3.rel1.win32_1.0.100.202602081740/tools/bin/../lib/gcc/arm-none-eabi/14.3.1/../../../../arm-none-eabi/lib/thumb/v6-m/nofp\libc_nano.a(libc_a-nano-svfprintf.o)
 .ARM.attributes
                0x000005dc       0x2c C:/ST/STM32CubeIDE_2.1.1/STM32CubeIDE/plugins/com.st.stm32cube.ide.mcu.externaltools.gnu-tools-for-stm32.14.3.rel1.win32_1.0.100.202602081740/tools/bin/../lib/gcc/arm-none-eabi/14.3.1/../../../../arm-none-eabi/lib/thumb/v6-m/nofp\libc_nano.a(libc_a-nano-vfprintf_i.o)
 .ARM.attributes
                0x00000608       0x2c C:/ST/STM32CubeIDE_2.1.1/STM32CubeIDE/plugins/com.st.stm32cube.ide.mcu.externaltools.gnu-tools-for-stm32.14.3.rel1.win32_1.0.100.202602081740/tools/bin/../lib/gcc/arm-none-eabi/14.3.1/../../../../arm-none-eabi/lib/thumb/v6-m/nofp\libc_nano.a(libc_a-memmove.o)
 .ARM.attributes
                0x00000634       0x2c C:/ST/STM32CubeIDE_2.1.1/STM32CubeIDE/plugins/com.st.stm32cube.ide.mcu.externaltools.gnu-tools-for-stm32.14.3.rel1.win32_1.0.100.202602081740/tools/bin/../lib/gcc/arm-none-eabi/14.3.1/../../../../arm-none-eabi/lib/thumb/v6-m/nofp\libc_nano.a(libc_a-sbrkr.o)
 .ARM.attributes
                0x00000660       0x2c C:/ST/STM32CubeIDE_2.1.1/STM32CubeIDE/plugins/com.st.stm32cube.ide.mcu.externaltools.gnu-tools-for-stm32.14.3.rel1.win32_1.0.100.202602081740/tools/bin/../lib/gcc/arm-none-eabi/14.3.1/../../../../arm-none-eabi/lib/thumb/v6-m/nofp\libc_nano.a(libc_a-memchr-stub.o)
 .ARM.attributes
                0x0000068c       0x2c C:/ST/STM32CubeIDE_2.1.1/STM32CubeIDE/plugins/com.st.stm32cube.ide.mcu.externaltools.gnu-tools-for-stm32.14.3.rel1.win32_1.0.100.202602081740/tools/bin/../lib/gcc/arm-none-eabi/14.3.1/../../../../arm-none-eabi/lib/thumb/v6-m/nofp\libc_nano.a(libc_a-memcpy-stub.o)
 .ARM.attributes
                0x000006b8       0x2c C:/ST/STM32CubeIDE_2.1.1/STM32CubeIDE/plugins/com.st.stm32cube.ide.mcu.externaltools.gnu-tools-for-stm32.14.3.rel1.win32_1.0.100.202602081740/tools/bin/../lib/gcc/arm-none-eabi/14.3.1/../../../../arm-none-eabi/lib/thumb/v6-m/nofp\libc_nano.a(libc_a-reallocr.o)
 .ARM.attributes
                0x000006e4       0x2c C:/ST/STM32CubeIDE_2.1.1/STM32CubeIDE/plugins/com.st.stm32cube.ide.mcu.externaltools.gnu-tools-for-stm32.14.3.rel1.win32_1.0.100.202602081740/tools/bin/../lib/gcc/arm-none-eabi/14.3.1/../../../../arm-none-eabi/lib/thumb/v6-m/nofp\libc_nano.a(libc_a-msizer.o)
 .ARM.attributes
                0x00000710       0x1e C:/ST/STM32CubeIDE_2.1.1/STM32CubeIDE/plugins/com.st.stm32cube.ide.mcu.externaltools.gnu-tools-for-stm32.14.3.rel1.win32_1.0.100.202602081740/tools/bin/../lib/gcc/arm-none-eabi/14.3.1/thumb/v6-m/nofp\libgcc.a(_thumb1_case_shi.o)
 .ARM.attributes
                0x0000072e       0x1e C:/ST/STM32CubeIDE_2.1.1/STM32CubeIDE/plugins/com.st.stm32cube.ide.mcu.externaltools.gnu-tools-for-stm32.14.3.rel1.win32_1.0.100.202602081740/tools/bin/../lib/gcc/arm-none-eabi/14.3.1/thumb/v6-m/nofp\libgcc.a(_udivsi3.o)
 .ARM.attributes
                0x0000074c       0x1e C:/ST/STM32CubeIDE_2.1.1/STM32CubeIDE/plugins/com.st.stm32cube.ide.mcu.externaltools.gnu-tools-for-stm32.14.3.rel1.win32_1.0.100.202602081740/tools/bin/../lib/gcc/arm-none-eabi/14.3.1/thumb/v6-m/nofp\libgcc.a(_divsi3.o)
 .ARM.attributes
                0x0000076a       0x1e C:/ST/STM32CubeIDE_2.1.1/STM32CubeIDE/plugins/com.st.stm32cube.ide.mcu.externaltools.gnu-tools-for-stm32.14.3.rel1.win32_1.0.100.202602081740/tools/bin/../lib/gcc/arm-none-eabi/14.3.1/thumb/v6-m/nofp\libgcc.a(_dvmd_tls.o)
 .ARM.attributes
                0x00000788       0x2c C:/ST/STM32CubeIDE_2.1.1/STM32CubeIDE/plugins/com.st.stm32cube.ide.mcu.externaltools.gnu-tools-for-stm32.14.3.rel1.win32_1.0.100.202602081740/tools/bin/../lib/gcc/arm-none-eabi/14.3.1/thumb/v6-m/nofp\libgcc.a(addsf3.o)
 .ARM.attributes
                0x000007b4       0x2c C:/ST/STM32CubeIDE_2.1.1/STM32CubeIDE/plugins/com.st.stm32cube.ide.mcu.externaltools.gnu-tools-for-stm32.14.3.rel1.win32_1.0.100.202602081740/tools/bin/../lib/gcc/arm-none-eabi/14.3.1/thumb/v6-m/nofp\libgcc.a(mulsf3.o)
 .ARM.attributes
                0x000007e0       0x2c C:/ST/STM32CubeIDE_2.1.1/STM32CubeIDE/plugins/com.st.stm32cube.ide.mcu.externaltools.gnu-tools-for-stm32.14.3.rel1.win32_1.0.100.202602081740/tools/bin/../lib/gcc/arm-none-eabi/14.3.1/thumb/v6-m/nofp\libgcc.a(fixsfsi.o)
 .ARM.attributes
                0x0000080c       0x2c C:/ST/STM32CubeIDE_2.1.1/STM32CubeIDE/plugins/com.st.stm32cube.ide.mcu.externaltools.gnu-tools-for-stm32.14.3.rel1.win32_1.0.100.202602081740/tools/bin/../lib/gcc/arm-none-eabi/14.3.1/thumb/v6-m/nofp\libgcc.a(floatsisf.o)
 .ARM.attributes
                0x00000838       0x1e C:/ST/STM32CubeIDE_2.1.1/STM32CubeIDE/plugins/com.st.stm32cube.ide.mcu.externaltools.gnu-tools-for-stm32.14.3.rel1.win32_1.0.100.202602081740/tools/bin/../lib/gcc/arm-none-eabi/14.3.1/thumb/v6-m/nofp\libgcc.a(_clzsi2.o)
 .ARM.attributes
                0x00000856       0x1e C:/ST/STM32CubeIDE_2.1.1/STM32CubeIDE/plugins/com.st.stm32cube.ide.mcu.externaltools.gnu-tools-for-stm32.14.3.rel1.win32_1.0.100.202602081740/tools/bin/../lib/gcc/arm-none-eabi/14.3.1/thumb/v6-m/nofp/crtn.o
OUTPUT(FDCAN_Com_Polling.elf elf32-littlearm)
LOAD linker stubs
LOAD C:/ST/STM32CubeIDE_2.1.1/STM32CubeIDE/plugins/com.st.stm32cube.ide.mcu.externaltools.gnu-tools-for-stm32.14.3.rel1.win32_1.0.100.202602081740/tools/bin/../lib/gcc/arm-none-eabi/14.3.1/../../../../arm-none-eabi/lib/thumb/v6-m/nofp\libc.a
LOAD C:/ST/STM32CubeIDE_2.1.1/STM32CubeIDE/plugins/com.st.stm32cube.ide.mcu.externaltools.gnu-tools-for-stm32.14.3.rel1.win32_1.0.100.202602081740/tools/bin/../lib/gcc/arm-none-eabi/14.3.1/../../../../arm-none-eabi/lib/thumb/v6-m/nofp\libm.a
LOAD C:/ST/STM32CubeIDE_2.1.1/STM32CubeIDE/plugins/com.st.stm32cube.ide.mcu.externaltools.gnu-tools-for-stm32.14.3.rel1.win32_1.0.100.202602081740/tools/bin/../lib/gcc/arm-none-eabi/14.3.1/thumb/v6-m/nofp\libgcc.a

.debug_line     0x00000000    0x19796
 .debug_line    0x00000000       0x7d ./Application/Startup/startup_stm32c092rctx.o
 .debug_line    0x0000007d     0x10ed ./Application/User/main.o
 .debug_line    0x0000116a      0xbd6 ./Application/User/stm32c0xx_hal_msp.o
 .debug_line    0x00001d40      0xa9e ./Application/User/stm32c0xx_it.o
 .debug_line    0x000027de      0x595 ./Application/User/sysmem.o
 .debug_line    0x00002d73      0xdc1 ./Drivers/BSP/STM32C0xx_Nucleo/stm32c0xx_nucleo.o
 .debug_line    0x00003b34      0x8ae ./Drivers/CMSIS/system_stm32c0xx.o
 .debug_line    0x000043e2      0xb90 ./Drivers/STM32C0xx_HAL_Driver/stm32c0xx_hal.o
 .debug_line    0x00004f72     0x1ad4 ./Drivers/STM32C0xx_HAL_Driver/stm32c0xx_hal_adc.o
 .debug_line    0x00006a46      0xca8 ./Drivers/STM32C0xx_HAL_Driver/stm32c0xx_hal_cortex.o
 .debug_line    0x000076ee      0xc18 ./Drivers/STM32C0xx_HAL_Driver/stm32c0xx_hal_exti.o
 .debug_line    0x00008306     0x19c8 ./Drivers/STM32C0xx_HAL_Driver/stm32c0xx_hal_fdcan.o
 .debug_line    0x00009cce      0xca5 ./Drivers/STM32C0xx_HAL_Driver/stm32c0xx_hal_gpio.o
 .debug_line    0x0000a973     0x386c ./Drivers/STM32C0xx_HAL_Driver/stm32c0xx_hal_i2c.o
 .debug_line    0x0000e1df      0x9bc ./Drivers/STM32C0xx_HAL_Driver/stm32c0xx_hal_i2c_ex.o
 .debug_line    0x0000eb9b      0xec3 ./Drivers/STM32C0xx_HAL_Driver/stm32c0xx_hal_rcc.o
 .debug_line    0x0000fa5e      0xb5a ./Drivers/STM32C0xx_HAL_Driver/stm32c0xx_hal_rcc_ex.o
 .debug_line    0x000105b8     0x3de2 ./Drivers/STM32C0xx_HAL_Driver/stm32c0xx_hal_tim.o
 .debug_line    0x0001439a     0x1cbd ./Drivers/STM32C0xx_HAL_Driver/stm32c0xx_hal_tim_ex.o
 .debug_line    0x00016057     0x373f ./Drivers/STM32C0xx_HAL_Driver/stm32c0xx_hal_uart.o

.debug_line_str
                0x00000000       0x89
 .debug_line_str
                0x00000000       0x89 ./Application/Startup/startup_stm32c092rctx.o

.debug_info     0x00000000    0x17725
 .debug_info    0x00000000       0x30 ./Application/Startup/startup_stm32c092rctx.o
 .debug_info    0x00000030     0x29f8 ./Application/User/main.o
 .debug_info    0x00002a28     0x1974 ./Application/User/stm32c0xx_hal_msp.o
 .debug_info    0x0000439c      0x803 ./Application/User/stm32c0xx_it.o
 .debug_info    0x00004b9f      0x168 ./Application/User/sysmem.o
 .debug_info    0x00004d07     0x1564 ./Drivers/BSP/STM32C0xx_Nucleo/stm32c0xx_nucleo.o
 .debug_info    0x0000626b      0x373 ./Drivers/CMSIS/system_stm32c0xx.o
 .debug_info    0x000065de      0x85c ./Drivers/STM32C0xx_HAL_Driver/stm32c0xx_hal.o
 .debug_info    0x00006e3a     0x1588 ./Drivers/STM32C0xx_HAL_Driver/stm32c0xx_hal_adc.o
 .debug_info    0x000083c2      0x8a5 ./Drivers/STM32C0xx_HAL_Driver/stm32c0xx_hal_cortex.o
 .debug_info    0x00008c67      0x62d ./Drivers/STM32C0xx_HAL_Driver/stm32c0xx_hal_exti.o
 .debug_info    0x00009294     0x185e ./Drivers/STM32C0xx_HAL_Driver/stm32c0xx_hal_fdcan.o
 .debug_info    0x0000aaf2      0x59f ./Drivers/STM32C0xx_HAL_Driver/stm32c0xx_hal_gpio.o
 .debug_info    0x0000b091     0x21c4 ./Drivers/STM32C0xx_HAL_Driver/stm32c0xx_hal_i2c.o
 .debug_info    0x0000d255      0x9fd ./Drivers/STM32C0xx_HAL_Driver/stm32c0xx_hal_i2c_ex.o
 .debug_info    0x0000dc52      0x917 ./Drivers/STM32C0xx_HAL_Driver/stm32c0xx_hal_rcc.o
 .debug_info    0x0000e569      0x55d ./Drivers/STM32C0xx_HAL_Driver/stm32c0xx_hal_rcc_ex.o
 .debug_info    0x0000eac6     0x2b86 ./Drivers/STM32C0xx_HAL_Driver/stm32c0xx_hal_tim.o
 .debug_info    0x0001164c     0x1899 ./Drivers/STM32C0xx_HAL_Driver/stm32c0xx_hal_tim_ex.o
 .debug_info    0x00012ee5     0x4840 ./Drivers/STM32C0xx_HAL_Driver/stm32c0xx_hal_uart.o

.debug_abbrev   0x00000000     0x2b81
 .debug_abbrev  0x00000000       0x24 ./Application/Startup/startup_stm32c092rctx.o
 .debug_abbrev  0x00000024      0x3d1 ./Application/User/main.o
 .debug_abbrev  0x000003f5      0x26f ./Application/User/stm32c0xx_hal_msp.o
 .debug_abbrev  0x00000664      0x1a1 ./Application/User/stm32c0xx_it.o
 .debug_abbrev  0x00000805       0xbc ./Application/User/sysmem.o
 .debug_abbrev  0x000008c1      0x325 ./Drivers/BSP/STM32C0xx_Nucleo/stm32c0xx_nucleo.o
 .debug_abbrev  0x00000be6      0x119 ./Drivers/CMSIS/system_stm32c0xx.o
 .debug_abbrev  0x00000cff      0x2cb ./Drivers/STM32C0xx_HAL_Driver/stm32c0xx_hal.o
 .debug_abbrev  0x00000fca      0x266 ./Drivers/STM32C0xx_HAL_Driver/stm32c0xx_hal_adc.o
 .debug_abbrev  0x00001230      0x2b7 ./Drivers/STM32C0xx_HAL_Driver/stm32c0xx_hal_cortex.o
 .debug_abbrev  0x000014e7      0x198 ./Drivers/STM32C0xx_HAL_Driver/stm32c0xx_hal_exti.o
 .debug_abbrev  0x0000167f      0x1ea ./Drivers/STM32C0xx_HAL_Driver/stm32c0xx_hal_fdcan.o
 .debug_abbrev  0x00001869      0x1db ./Drivers/STM32C0xx_HAL_Driver/stm32c0xx_hal_gpio.o
 .debug_abbrev  0x00001a44      0x26e ./Drivers/STM32C0xx_HAL_Driver/stm32c0xx_hal_i2c.o
 .debug_abbrev  0x00001cb2      0x1df ./Drivers/STM32C0xx_HAL_Driver/stm32c0xx_hal_i2c_ex.o
 .debug_abbrev  0x00001e91      0x28c ./Drivers/STM32C0xx_HAL_Driver/stm32c0xx_hal_rcc.o
 .debug_abbrev  0x0000211d      0x225 ./Drivers/STM32C0xx_HAL_Driver/stm32c0xx_hal_rcc_ex.o
 .debug_abbrev  0x00002342      0x287 ./Drivers/STM32C0xx_HAL_Driver/stm32c0xx_hal_tim.o
 .debug_abbrev  0x000025c9      0x2a7 ./Drivers/STM32C0xx_HAL_Driver/stm32c0xx_hal_tim_ex.o
 .debug_abbrev  0x00002870      0x311 ./Drivers/STM32C0xx_HAL_Driver/stm32c0xx_hal_uart.o

.debug_aranges  0x00000000     0x1528
 .debug_aranges
                0x00000000       0x28 ./Application/Startup/startup_stm32c092rctx.o
 .debug_aranges
                0x00000028       0xe8 ./Application/User/main.o
 .debug_aranges
                0x00000110       0x78 ./Application/User/stm32c0xx_hal_msp.o
 .debug_aranges
                0x00000188       0x50 ./Application/User/stm32c0xx_it.o
 .debug_aranges
                0x000001d8       0x20 ./Application/User/sysmem.o
 .debug_aranges
                0x000001f8       0xc8 ./Drivers/BSP/STM32C0xx_Nucleo/stm32c0xx_nucleo.o
 .debug_aranges
                0x000002c0       0x28 ./Drivers/CMSIS/system_stm32c0xx.o
 .debug_aranges
                0x000002e8      0x100 ./Drivers/STM32C0xx_HAL_Driver/stm32c0xx_hal.o
 .debug_aranges
                0x000003e8      0x200 ./Drivers/STM32C0xx_HAL_Driver/stm32c0xx_hal_adc.o
 .debug_aranges
                0x000005e8       0xe8 ./Drivers/STM32C0xx_HAL_Driver/stm32c0xx_hal_cortex.o
 .debug_aranges
                0x000006d0       0x60 ./Drivers/STM32C0xx_HAL_Driver/stm32c0xx_hal_exti.o
 .debug_aranges
                0x00000730      0x208 ./Drivers/STM32C0xx_HAL_Driver/stm32c0xx_hal_fdcan.o
 .debug_aranges
                0x00000938       0x68 ./Drivers/STM32C0xx_HAL_Driver/stm32c0xx_hal_gpio.o
 .debug_aranges
                0x000009a0      0x2a0 ./Drivers/STM32C0xx_HAL_Driver/stm32c0xx_hal_i2c.o
 .debug_aranges
                0x00000c40       0x48 ./Drivers/STM32C0xx_HAL_Driver/stm32c0xx_hal_i2c_ex.o
 .debug_aranges
                0x00000c88       0xa0 ./Drivers/STM32C0xx_HAL_Driver/stm32c0xx_hal_rcc.o
 .debug_aranges
                0x00000d28       0x40 ./Drivers/STM32C0xx_HAL_Driver/stm32c0xx_hal_rcc_ex.o
 .debug_aranges
                0x00000d68      0x3e0 ./Drivers/STM32C0xx_HAL_Driver/stm32c0xx_hal_tim.o
 .debug_aranges
                0x00001148      0x198 ./Drivers/STM32C0xx_HAL_Driver/stm32c0xx_hal_tim_ex.o
 .debug_aranges
                0x000012e0      0x248 ./Drivers/STM32C0xx_HAL_Driver/stm32c0xx_hal_uart.o

.debug_str      0x00000000    0x9fc95
 .debug_str     0x00000000    0x9fc95 ./Application/Startup/startup_stm32c092rctx.o
                                 0xa5 (size before relaxing)
 .debug_str     0x0009fc95    0x9a07e ./Application/User/main.o
 .debug_str     0x0009fc95    0x993e2 ./Application/User/stm32c0xx_hal_msp.o
 .debug_str     0x0009fc95    0x98778 ./Application/User/stm32c0xx_it.o
 .debug_str     0x0009fc95     0x763a ./Application/User/sysmem.o
 .debug_str     0x0009fc95    0x98f15 ./Drivers/BSP/STM32C0xx_Nucleo/stm32c0xx_nucleo.o
 .debug_str     0x0009fc95    0x942ea ./Drivers/CMSIS/system_stm32c0xx.o
 .debug_str     0x0009fc95    0x9494b ./Drivers/STM32C0xx_HAL_Driver/stm32c0xx_hal.o
 .debug_str     0x0009fc95    0x950b5 ./Drivers/STM32C0xx_HAL_Driver/stm32c0xx_hal_adc.o
 .debug_str     0x0009fc95    0x9476e ./Drivers/STM32C0xx_HAL_Driver/stm32c0xx_hal_cortex.o
 .debug_str     0x0009fc95    0x9446b ./Drivers/STM32C0xx_HAL_Driver/stm32c0xx_hal_exti.o
 .debug_str     0x0009fc95    0x9596f ./Drivers/STM32C0xx_HAL_Driver/stm32c0xx_hal_fdcan.o
 .debug_str     0x0009fc95    0x944e7 ./Drivers/STM32C0xx_HAL_Driver/stm32c0xx_hal_gpio.o
 .debug_str     0x0009fc95    0x956aa ./Drivers/STM32C0xx_HAL_Driver/stm32c0xx_hal_i2c.o
 .debug_str     0x0009fc95    0x94920 ./Drivers/STM32C0xx_HAL_Driver/stm32c0xx_hal_i2c_ex.o
 .debug_str     0x0009fc95    0x948e6 ./Drivers/STM32C0xx_HAL_Driver/stm32c0xx_hal_rcc.o
 .debug_str     0x0009fc95    0x9456d ./Drivers/STM32C0xx_HAL_Driver/stm32c0xx_hal_rcc_ex.o
 .debug_str     0x0009fc95    0x95817 ./Drivers/STM32C0xx_HAL_Driver/stm32c0xx_hal_tim.o
 .debug_str     0x0009fc95    0x951a5 ./Drivers/STM32C0xx_HAL_Driver/stm32c0xx_hal_tim_ex.o
 .debug_str     0x0009fc95    0x9523f ./Drivers/STM32C0xx_HAL_Driver/stm32c0xx_hal_uart.o

.debug_rnglists
                0x00000000     0x10a2
 .debug_rnglists
                0x00000000       0x19 ./Application/Startup/startup_stm32c092rctx.o
 .debug_rnglists
                0x00000019       0xb1 ./Application/User/main.o
 .debug_rnglists
                0x000000ca       0x59 ./Application/User/stm32c0xx_hal_msp.o
 .debug_rnglists
                0x00000123       0x37 ./Application/User/stm32c0xx_it.o
 .debug_rnglists
                0x0000015a       0x13 ./Application/User/sysmem.o
 .debug_rnglists
                0x0000016d       0x95 ./Drivers/BSP/STM32C0xx_Nucleo/stm32c0xx_nucleo.o
 .debug_rnglists
                0x00000202       0x1a ./Drivers/CMSIS/system_stm32c0xx.o
 .debug_rnglists
                0x0000021c       0xbc ./Drivers/STM32C0xx_HAL_Driver/stm32c0xx_hal.o
 .debug_rnglists
                0x000002d8      0x18a ./Drivers/STM32C0xx_HAL_Driver/stm32c0xx_hal_adc.o
 .debug_rnglists
                0x00000462       0xaa ./Drivers/STM32C0xx_HAL_Driver/stm32c0xx_hal_cortex.o
 .debug_rnglists
                0x0000050c       0x47 ./Drivers/STM32C0xx_HAL_Driver/stm32c0xx_hal_exti.o
 .debug_rnglists
                0x00000553      0x18d ./Drivers/STM32C0xx_HAL_Driver/stm32c0xx_hal_fdcan.o
 .debug_rnglists
                0x000006e0       0x4b ./Drivers/STM32C0xx_HAL_Driver/stm32c0xx_hal_gpio.o
 .debug_rnglists
                0x0000072b      0x229 ./Drivers/STM32C0xx_HAL_Driver/stm32c0xx_hal_i2c.o
 .debug_rnglists
                0x00000954       0x35 ./Drivers/STM32C0xx_HAL_Driver/stm32c0xx_hal_i2c_ex.o
 .debug_rnglists
                0x00000989       0x78 ./Drivers/STM32C0xx_HAL_Driver/stm32c0xx_hal_rcc.o
 .debug_rnglists
                0x00000a01       0x2e ./Drivers/STM32C0xx_HAL_Driver/stm32c0xx_hal_rcc_ex.o
 .debug_rnglists
                0x00000a2f      0x32a ./Drivers/STM32C0xx_HAL_Driver/stm32c0xx_hal_tim.o
 .debug_rnglists
                0x00000d59      0x14e ./Drivers/STM32C0xx_HAL_Driver/stm32c0xx_hal_tim_ex.o
 .debug_rnglists
                0x00000ea7      0x1fb ./Drivers/STM32C0xx_HAL_Driver/stm32c0xx_hal_uart.o

.debug_macro    0x00000000    0x18d88
 .debug_macro   0x00000000      0x3c0 ./Application/User/main.o
 .debug_macro   0x000003c0      0xab4 ./Application/User/main.o
 .debug_macro   0x00000e74       0x2e ./Application/User/main.o
 .debug_macro   0x00000ea2       0x28 ./Application/User/main.o
 .debug_macro   0x00000eca       0x22 ./Application/User/main.o
 .debug_macro   0x00000eec       0x8e ./Application/User/main.o
 .debug_macro   0x00000f7a       0x51 ./Application/User/main.o
 .debug_macro   0x00000fcb      0x103 ./Application/User/main.o
 .debug_macro   0x000010ce       0x6a ./Application/User/main.o
 .debug_macro   0x00001138      0x1df ./Application/User/main.o
 .debug_macro   0x00001317       0x1c ./Application/User/main.o
 .debug_macro   0x00001333       0x22 ./Application/User/main.o
 .debug_macro   0x00001355       0xd1 ./Application/User/main.o
 .debug_macro   0x00001426      0x4da ./Application/User/main.o
 .debug_macro   0x00001900      0x11f ./Application/User/main.o
 .debug_macro   0x00001a1f     0xab92 ./Application/User/main.o
 .debug_macro   0x0000c5b1       0x6d ./Application/User/main.o
 .debug_macro   0x0000c61e      0x1c8 ./Application/User/main.o
 .debug_macro   0x0000c7e6       0xfb ./Application/User/main.o
 .debug_macro   0x0000c8e1     0x3440 ./Application/User/main.o
 .debug_macro   0x0000fd21      0x190 ./Application/User/main.o
 .debug_macro   0x0000feb1       0x5b ./Application/User/main.o
 .debug_macro   0x0000ff0c      0x3f9 ./Application/User/main.o
 .debug_macro   0x00010305      0xd8c ./Application/User/main.o
 .debug_macro   0x00011091      0x176 ./Application/User/main.o
 .debug_macro   0x00011207      0x15f ./Application/User/main.o
 .debug_macro   0x00011366      0x253 ./Application/User/main.o
 .debug_macro   0x000115b9      0x352 ./Application/User/main.o
 .debug_macro   0x0001190b      0x18b ./Application/User/main.o
 .debug_macro   0x00011a96       0x43 ./Application/User/main.o
 .debug_macro   0x00011ad9      0x1f1 ./Application/User/main.o
 .debug_macro   0x00011cca      0x924 ./Application/User/main.o
 .debug_macro   0x000125ee      0x5e5 ./Application/User/main.o
 .debug_macro   0x00012bd3       0x2e ./Application/User/main.o
 .debug_macro   0x00012c01      0x1b1 ./Application/User/main.o
 .debug_macro   0x00012db2      0x37c ./Application/User/main.o
 .debug_macro   0x0001312e       0x28 ./Application/User/main.o
 .debug_macro   0x00013156       0xb3 ./Application/User/main.o
 .debug_macro   0x00013209      0x22c ./Application/User/main.o
 .debug_macro   0x00013435       0x67 ./Application/User/main.o
 .debug_macro   0x0001349c       0xa5 ./Application/User/main.o
 .debug_macro   0x00013541      0x11d ./Application/User/main.o
 .debug_macro   0x0001365e       0xf6 ./Application/User/main.o
 .debug_macro   0x00013754      0xaa6 ./Application/User/main.o
 .debug_macro   0x000141fa      0x11b ./Application/User/main.o
 .debug_macro   0x00014315      0x67e ./Application/User/main.o
 .debug_macro   0x00014993       0xa6 ./Application/User/main.o
 .debug_macro   0x00014a39      0x6bd ./Application/User/main.o
 .debug_macro   0x000150f6      0x464 ./Application/User/main.o
 .debug_macro   0x0001555a       0x22 ./Application/User/main.o
 .debug_macro   0x0001557c       0x52 ./Application/User/main.o
 .debug_macro   0x000155ce       0x61 ./Application/User/main.o
 .debug_macro   0x0001562f       0x24 ./Application/User/main.o
 .debug_macro   0x00015653       0x43 ./Application/User/main.o
 .debug_macro   0x00015696       0x34 ./Application/User/main.o
 .debug_macro   0x000156ca       0x16 ./Application/User/main.o
 .debug_macro   0x000156e0       0x3c ./Application/User/main.o
 .debug_macro   0x0001571c      0x364 ./Application/User/main.o
 .debug_macro   0x00015a80       0x10 ./Application/User/main.o
 .debug_macro   0x00015a90       0x16 ./Application/User/main.o
 .debug_macro   0x00015aa6       0x4a ./Application/User/main.o
 .debug_macro   0x00015af0       0x34 ./Application/User/main.o
 .debug_macro   0x00015b24       0x10 ./Application/User/main.o
 .debug_macro   0x00015b34       0x58 ./Application/User/main.o
 .debug_macro   0x00015b8c       0x8e ./Application/User/main.o
 .debug_macro   0x00015c1a       0x1c ./Application/User/main.o
 .debug_macro   0x00015c36      0x17e ./Application/User/main.o
 .debug_macro   0x00015db4       0x16 ./Application/User/main.o
 .debug_macro   0x00015dca       0x16 ./Application/User/main.o
 .debug_macro   0x00015de0      0x146 ./Application/User/main.o
 .debug_macro   0x00015f26      0x10e ./Application/User/main.o
 .debug_macro   0x00016034       0x16 ./Application/User/main.o
 .debug_macro   0x0001604a       0x20 ./Application/User/main.o
 .debug_macro   0x0001606a      0x31e ./Application/User/stm32c0xx_hal_msp.o
 .debug_macro   0x00016388      0x328 ./Application/User/stm32c0xx_it.o
 .debug_macro   0x000166b0      0x112 ./Application/User/sysmem.o
 .debug_macro   0x000167c2      0x23c ./Application/User/sysmem.o
 .debug_macro   0x000169fe      0x320 ./Drivers/BSP/STM32C0xx_Nucleo/stm32c0xx_nucleo.o
 .debug_macro   0x00016d1e       0x1c ./Drivers/BSP/STM32C0xx_Nucleo/stm32c0xx_nucleo.o
 .debug_macro   0x00016d3a      0x221 ./Drivers/CMSIS/system_stm32c0xx.o
 .debug_macro   0x00016f5b      0x239 ./Drivers/STM32C0xx_HAL_Driver/stm32c0xx_hal.o
 .debug_macro   0x00017194      0x23f ./Drivers/STM32C0xx_HAL_Driver/stm32c0xx_hal_adc.o
 .debug_macro   0x000173d3      0x21b ./Drivers/STM32C0xx_HAL_Driver/stm32c0xx_hal_cortex.o
 .debug_macro   0x000175ee      0x227 ./Drivers/STM32C0xx_HAL_Driver/stm32c0xx_hal_exti.o
 .debug_macro   0x00017815      0x32d ./Drivers/STM32C0xx_HAL_Driver/stm32c0xx_hal_fdcan.o
 .debug_macro   0x00017b42      0x250 ./Drivers/STM32C0xx_HAL_Driver/stm32c0xx_hal_gpio.o
 .debug_macro   0x00017d92      0x2e7 ./Drivers/STM32C0xx_HAL_Driver/stm32c0xx_hal_i2c.o
 .debug_macro   0x00018079      0x21b ./Drivers/STM32C0xx_HAL_Driver/stm32c0xx_hal_i2c_ex.o
 .debug_macro   0x00018294      0x24b ./Drivers/STM32C0xx_HAL_Driver/stm32c0xx_hal_rcc.o
 .debug_macro   0x000184df      0x22d ./Drivers/STM32C0xx_HAL_Driver/stm32c0xx_hal_rcc_ex.o
 .debug_macro   0x0001870c      0x223 ./Drivers/STM32C0xx_HAL_Driver/stm32c0xx_hal_tim.o
 .debug_macro   0x0001892f      0x221 ./Drivers/STM32C0xx_HAL_Driver/stm32c0xx_hal_tim_ex.o
 .debug_macro   0x00018b50      0x238 ./Drivers/STM32C0xx_HAL_Driver/stm32c0xx_hal_uart.o

.comment        0x00000000       0x43
 .comment       0x00000000       0x43 ./Application/User/main.o
                                 0x44 (size before relaxing)
 .comment       0x00000043       0x44 ./Application/User/stm32c0xx_hal_msp.o
 .comment       0x00000043       0x44 ./Application/User/stm32c0xx_it.o
 .comment       0x00000043       0x44 ./Application/User/sysmem.o
 .comment       0x00000043       0x44 ./Drivers/BSP/STM32C0xx_Nucleo/stm32c0xx_nucleo.o
 .comment       0x00000043       0x44 ./Drivers/CMSIS/system_stm32c0xx.o
 .comment       0x00000043       0x44 ./Drivers/STM32C0xx_HAL_Driver/stm32c0xx_hal.o
 .comment       0x00000043       0x44 ./Drivers/STM32C0xx_HAL_Driver/stm32c0xx_hal_adc.o
 .comment       0x00000043       0x44 ./Drivers/STM32C0xx_HAL_Driver/stm32c0xx_hal_cortex.o
 .comment       0x00000043       0x44 ./Drivers/STM32C0xx_HAL_Driver/stm32c0xx_hal_exti.o
 .comment       0x00000043       0x44 ./Drivers/STM32C0xx_HAL_Driver/stm32c0xx_hal_fdcan.o
 .comment       0x00000043       0x44 ./Drivers/STM32C0xx_HAL_Driver/stm32c0xx_hal_gpio.o
 .comment       0x00000043       0x44 ./Drivers/STM32C0xx_HAL_Driver/stm32c0xx_hal_i2c.o
 .comment       0x00000043       0x44 ./Drivers/STM32C0xx_HAL_Driver/stm32c0xx_hal_i2c_ex.o
 .comment       0x00000043       0x44 ./Drivers/STM32C0xx_HAL_Driver/stm32c0xx_hal_rcc.o
 .comment       0x00000043       0x44 ./Drivers/STM32C0xx_HAL_Driver/stm32c0xx_hal_rcc_ex.o
 .comment       0x00000043       0x44 ./Drivers/STM32C0xx_HAL_Driver/stm32c0xx_hal_tim.o
 .comment       0x00000043       0x44 ./Drivers/STM32C0xx_HAL_Driver/stm32c0xx_hal_tim_ex.o
 .comment       0x00000043       0x44 ./Drivers/STM32C0xx_HAL_Driver/stm32c0xx_hal_uart.o

.debug_frame    0x00000000     0x5410
 .debug_frame   0x00000000      0x340 ./Application/User/main.o
 .debug_frame   0x00000340      0x190 ./Application/User/stm32c0xx_hal_msp.o
 .debug_frame   0x000004d0       0xd4 ./Application/User/stm32c0xx_it.o
 .debug_frame   0x000005a4       0x30 ./Application/User/sysmem.o
 .debug_frame   0x000005d4      0x2c0 ./Drivers/BSP/STM32C0xx_Nucleo/stm32c0xx_nucleo.o
 .debug_frame   0x00000894       0x4c ./Drivers/CMSIS/system_stm32c0xx.o
 .debug_frame   0x000008e0      0x368 ./Drivers/STM32C0xx_HAL_Driver/stm32c0xx_hal.o
 .debug_frame   0x00000c48      0x7d0 ./Drivers/STM32C0xx_HAL_Driver/stm32c0xx_hal_adc.o
 .debug_frame   0x00001418      0x33c ./Drivers/STM32C0xx_HAL_Driver/stm32c0xx_hal_cortex.o
 .debug_frame   0x00001754      0x130 ./Drivers/STM32C0xx_HAL_Driver/stm32c0xx_hal_exti.o
 .debug_frame   0x00001884      0x7d0 ./Drivers/STM32C0xx_HAL_Driver/stm32c0xx_hal_fdcan.o
 .debug_frame   0x00002054      0x150 ./Drivers/STM32C0xx_HAL_Driver/stm32c0xx_hal_gpio.o
 .debug_frame   0x000021a4      0xa68 ./Drivers/STM32C0xx_HAL_Driver/stm32c0xx_hal_i2c.o
 .debug_frame   0x00002c0c       0xd0 ./Drivers/STM32C0xx_HAL_Driver/stm32c0xx_hal_i2c_ex.o
 .debug_frame   0x00002cdc      0x214 ./Drivers/STM32C0xx_HAL_Driver/stm32c0xx_hal_rcc.o
 .debug_frame   0x00002ef0       0xac ./Drivers/STM32C0xx_HAL_Driver/stm32c0xx_hal_rcc_ex.o
 .debug_frame   0x00002f9c      0xf40 ./Drivers/STM32C0xx_HAL_Driver/stm32c0xx_hal_tim.o
 .debug_frame   0x00003edc      0x620 ./Drivers/STM32C0xx_HAL_Driver/stm32c0xx_hal_tim_ex.o
 .debug_frame   0x000044fc      0x8d4 ./Drivers/STM32C0xx_HAL_Driver/stm32c0xx_hal_uart.o
 .debug_frame   0x00004dd0      0x138 C:/ST/STM32CubeIDE_2.1.1/STM32CubeIDE/plugins/com.st.stm32cube.ide.mcu.externaltools.gnu-tools-for-stm32.14.3.rel1.win32_1.0.100.202602081740/tools/bin/../lib/gcc/arm-none-eabi/14.3.1/../../../../arm-none-eabi/lib/thumb/v6-m/nofp\libc_nano.a(libc_a-findfp.o)
 .debug_frame   0x00004f08       0x50 C:/ST/STM32CubeIDE_2.1.1/STM32CubeIDE/plugins/com.st.stm32cube.ide.mcu.externaltools.gnu-tools-for-stm32.14.3.rel1.win32_1.0.100.202602081740/tools/bin/../lib/gcc/arm-none-eabi/14.3.1/../../../../arm-none-eabi/lib/thumb/v6-m/nofp\libc_nano.a(libc_a-snprintf.o)
 .debug_frame   0x00004f58       0x20 C:/ST/STM32CubeIDE_2.1.1/STM32CubeIDE/plugins/com.st.stm32cube.ide.mcu.externaltools.gnu-tools-for-stm32.14.3.rel1.win32_1.0.100.202602081740/tools/bin/../lib/gcc/arm-none-eabi/14.3.1/../../../../arm-none-eabi/lib/thumb/v6-m/nofp\libc_nano.a(libc_a-memset.o)
 .debug_frame   0x00004f78       0x2c C:/ST/STM32CubeIDE_2.1.1/STM32CubeIDE/plugins/com.st.stm32cube.ide.mcu.externaltools.gnu-tools-for-stm32.14.3.rel1.win32_1.0.100.202602081740/tools/bin/../lib/gcc/arm-none-eabi/14.3.1/../../../../arm-none-eabi/lib/thumb/v6-m/nofp\libc_nano.a(libc_a-reent.o)
 .debug_frame   0x00004fa4       0x20 C:/ST/STM32CubeIDE_2.1.1/STM32CubeIDE/plugins/com.st.stm32cube.ide.mcu.externaltools.gnu-tools-for-stm32.14.3.rel1.win32_1.0.100.202602081740/tools/bin/../lib/gcc/arm-none-eabi/14.3.1/../../../../arm-none-eabi/lib/thumb/v6-m/nofp\libc_nano.a(libc_a-errno.o)
 .debug_frame   0x00004fc4       0x2c C:/ST/STM32CubeIDE_2.1.1/STM32CubeIDE/plugins/com.st.stm32cube.ide.mcu.externaltools.gnu-tools-for-stm32.14.3.rel1.win32_1.0.100.202602081740/tools/bin/../lib/gcc/arm-none-eabi/14.3.1/../../../../arm-none-eabi/lib/thumb/v6-m/nofp\libc_nano.a(libc_a-init.o)
 .debug_frame   0x00004ff0       0xb0 C:/ST/STM32CubeIDE_2.1.1/STM32CubeIDE/plugins/com.st.stm32cube.ide.mcu.externaltools.gnu-tools-for-stm32.14.3.rel1.win32_1.0.100.202602081740/tools/bin/../lib/gcc/arm-none-eabi/14.3.1/../../../../arm-none-eabi/lib/thumb/v6-m/nofp\libc_nano.a(libc_a-lock.o)
 .debug_frame   0x000050a0       0x2c C:/ST/STM32CubeIDE_2.1.1/STM32CubeIDE/plugins/com.st.stm32cube.ide.mcu.externaltools.gnu-tools-for-stm32.14.3.rel1.win32_1.0.100.202602081740/tools/bin/../lib/gcc/arm-none-eabi/14.3.1/../../../../arm-none-eabi/lib/thumb/v6-m/nofp\libc_nano.a(libc_a-freer.o)