C:/Users/Joshua/STM32Cube/Example/FDCAN_Com_Polling/Src/main.c:165:10:read_servo_adc	2
C:/Users/Joshua/STM32Cube/Example/FDCAN_Com_Polling/Src/main.c:191:6:writeINA219	1
C:/Users/Joshua/STM32Cube/Example/FDCAN_Com_Polling/Src/main.c:216:14:readINA219	1
C:/Users/Joshua/STM32Cube/Example/FDCAN_Com_Polling/Src/main.c:243:6:init_ina219	1
C:/Users/Joshua/STM32Cube/Example/FDCAN_Com_Polling/Src/main.c:268:7:read_ina219	1
C:/Users/Joshua/STM32Cube/Example/FDCAN_Com_Polling/Src/main.c:284:6:print_position_and_current	1
C:/Users/Joshua/STM32Cube/Example/FDCAN_Com_Polling/Src/main.c:306:6:print_adc_value	1
C:/Users/Joshua/STM32Cube/Example/FDCAN_Com_Polling/Src/main.c:315:6:check_ina219_connection	2
C:/Users/Joshua/STM32Cube/Example/FDCAN_Com_Polling/Src/main.c:333:6:send_string	1
C:/Users/Joshua/STM32Cube/Example/FDCAN_Com_Polling/Src/main.c:338:6:motor_off	1
C:/Users/Joshua/STM32Cube/Example/FDCAN_Com_Polling/Src/main.c:346:6:motor_forward_50	1
C:/Users/Joshua/STM32Cube/Example/FDCAN_Com_Polling/Src/main.c:352:6:motor_reverse_50	1
C:/Users/Joshua/STM32Cube/Example/FDCAN_Com_Polling/Src/main.c:358:6:test_motor_pwm	1
C:/Users/Joshua/STM32Cube/Example/FDCAN_Com_Polling/Src/main.c:378:6:set_motor_pwm	5
C:/Users/Joshua/STM32Cube/Example/FDCAN_Com_Polling/Src/main.c:428:5:main	15
C:/Users/Joshua/STM32Cube/Example/FDCAN_Com_Polling/Src/main.c:643:6:SystemClock_Config	3
C:/Users/Joshua/STM32Cube/Example/FDCAN_Com_Polling/Src/main.c:682:13:MX_ADC1_Init	3
C:/Users/Joshua/STM32Cube/Example/FDCAN_Com_Polling/Src/main.c:739:13:MX_FDCAN1_Init	2
C:/Users/Joshua/STM32Cube/Example/FDCAN_Com_Polling/Src/main.c:782:13:MX_I2C2_Init	4
C:/Users/Joshua/STM32Cube/Example/FDCAN_Com_Polling/Src/main.c:830:13:MX_TIM1_Init	6
C:/Users/Joshua/STM32Cube/Example/FDCAN_Com_Polling/Src/main.c:906:13:MX_TIM2_Init	4
C:/Users/Joshua/STM32Cube/Example/FDCAN_Com_Polling/Src/main.c:951:13:MX_GPIO_Init	1
C:/Users/Joshua/STM32Cube/Example/FDCAN_Com_Polling/Src/main.c:971:6:BSP_PB_Callback	3
C:/Users/Joshua/STM32Cube/Example/FDCAN_Com_Polling/Src/main.c:997:17:BufferCmp8b	3
C:/Users/Joshua/STM32Cube/Example/FDCAN_Com_Polling/Src/main.c:1012:6:HAL_TIM_PeriodElapsedCallback	6
C:/Users/Joshua/STM32Cube/Example/FDCAN_Com_Polling/Src/main.c:1094:6:Error_Handler	1
