C:/Users/Joshua/STM32Cube/Example/FDCAN_Com_Polling/Src/main.c:165:10:read_servo_adc	16	static
C:/Users/Joshua/STM32Cube/Example/FDCAN_Com_Polling/Src/main.c:191:6:writeINA219	32	static
C:/Users/Joshua/STM32Cube/Example/FDCAN_Com_Polling/Src/main.c:216:14:readINA219	40	static
C:/Users/Joshua/STM32Cube/Example/FDCAN_Com_Polling/Src/main.c:243:6:init_ina219	16	static
C:/Users/Joshua/STM32Cube/Example/FDCAN_Com_Polling/Src/main.c:268:7:read_ina219	24	static
C:/Users/Joshua/STM32Cube/Example/FDCAN_Com_Polling/Src/main.c:284:6:print_position_and_current	112	static
C:/Users/Joshua/STM32Cube/Example/FDCAN_Com_Polling/Src/main.c:306:6:print_adc_value	80	static
C:/Users/Joshua/STM32Cube/Example/FDCAN_Com_Polling/Src/main.c:315:6:check_ina219_connection	104	static
C:/Users/Joshua/STM32Cube/Example/FDCAN_Com_Polling/Src/main.c:333:6:send_string	16	static
C:/Users/Joshua/STM32Cube/Example/FDCAN_Com_Polling/Src/main.c:338:6:motor_off	8	static
C:/Users/Joshua/STM32Cube/Example/FDCAN_Com_Polling/Src/main.c:346:6:motor_forward_50	8	static
C:/Users/Joshua/STM32Cube/Example/FDCAN_Com_Polling/Src/main.c:352:6:motor_reverse_50	8	static
C:/Users/Joshua/STM32Cube/Example/FDCAN_Com_Polling/Src/main.c:358:6:test_motor_pwm	8	static
C:/Users/Joshua/STM32Cube/Example/FDCAN_Com_Polling/Src/main.c:378:6:set_motor_pwm	16	static
C:/Users/Joshua/STM32Cube/Example/FDCAN_Com_Polling/Src/main.c:428:5:main	144	static
C:/Users/Joshua/STM32Cube/Example/FDCAN_Com_Polling/Src/main.c:643:6:SystemClock_Config	64	static
C:/Users/Joshua/STM32Cube/Example/FDCAN_Com_Polling/Src/main.c:682:13:MX_ADC1_Init	24	static
C:/Users/Joshua/STM32Cube/Example/FDCAN_Com_Polling/Src/main.c:739:13:MX_FDCAN1_Init	8	static
C:/Users/Joshua/STM32Cube/Example/FDCAN_Com_Polling/Src/main.c:782:13:MX_I2C2_Init	8	static
C:/Users/Joshua/STM32Cube/Example/FDCAN_Com_Polling/Src/main.c:830:13:MX_TIM1_Init	104	static
C:/Users/Joshua/STM32Cube/Example/FDCAN_Com_Polling/Src/main.c:906:13:MX_TIM2_Init	40	static
C:/Users/Joshua/STM32Cube/Example/FDCAN_Com_Polling/Src/main.c:951:13:MX_GPIO_Init	16	static
C:/Users/Joshua/STM32Cube/Example/FDCAN_Com_Polling/Src/main.c:971:6:BSP_PB_Callback	16	static
C:/Users/Joshua/STM32Cube/Example/FDCAN_Com_Polling/Src/main.c:997:17:BufferCmp8b	24	static
C:/Users/Joshua/STM32Cube/Example/FDCAN_Com_Polling/Src/main.c:1012:6:HAL_TIM_PeriodElapsedCallback	40	static
C:/Users/Joshua/STM32Cube/Example/FDCAN_Com_Polling/Src/main.c:1094:6:Error_Handler	8	static
